2024-12-10 21:34:29,674 - INFO - https://www.serv00.com/captcha/image/3de5f4e2fa37b13a347657be2ac41d58b4c1b802/
2024-12-10 21:34:30,163 - INFO - 图片下载并保存成功!
2024-12-10 21:34:30,163 - INFO - 0vp89nd1pji7lyt
2024-12-10 21:34:30,246 - INFO - 1s614kyt8p4rjdm
2024-12-10 21:34:30,293 - INFO - 8z0gn57wmhdeegu
2024-12-10 21:34:30,519 - INFO - NEOQ
2024-12-10 21:34:37,457 - INFO - Maintenance time. Try again later.
2024-12-10 21:34:37,932 - INFO - https://www.serv00.com/captcha/image/c93582c85526b12835a29b3ed1252541c3f5fa0a/
2024-12-10 21:34:38,400 - INFO - 图片下载并保存成功!
2024-12-10 21:34:38,400 - INFO - kp5rxhn7vr4xcn3
2024-12-10 21:34:38,468 - INFO - mm2bz8yqggj6495
2024-12-10 21:34:38,492 - INFO - b1x4ufaqba23puj
2024-12-10 21:34:38,781 - INFO - REZB
2024-12-10 21:34:45,300 - INFO - Maintenance time. Try again later.
2024-12-10 21:34:45,765 - INFO - https://www.serv00.com/captcha/image/075bcf07125f85158081ca6cfd31d5da80b7aa7d/
2024-12-10 21:34:46,243 - INFO - 图片下载并保存成功!
2024-12-10 21:34:46,244 - INFO - ud8a5vvm4xoa02k
2024-12-10 21:34:46,262 - INFO - p3elzqm2zj3kbxx
2024-12-10 21:34:46,278 - INFO - gdhukr69xzp676b
2024-12-10 21:34:46,439 - INFO - ZLVU
2024-12-10 21:34:53,010 - INFO - Maintenance time. Try again later.
2024-12-10 21:34:53,433 - INFO - https://www.serv00.com/captcha/image/a1336ba04c0fb57174f6cd201fdf4922164919de/
2024-12-10 21:34:53,917 - INFO - 图片下载并保存成功!
2024-12-10 21:34:53,918 - INFO - i0podsrzeo26xzj
2024-12-10 21:34:53,936 - INFO - aoug9nrk103wnw9
2024-12-10 21:34:53,952 - INFO - ove9v8z55kdp74y
2024-12-10 21:34:54,064 - INFO - ZYTD
2024-12-10 21:35:00,527 - INFO - Maintenance time. Try again later.
2024-12-10 21:35:01,145 - INFO - https://www.serv00.com/captcha/image/5db6a0c2cf24be10f1b5c23e161b9cea42364f6d/
2024-12-10 21:35:01,701 - INFO - 图片下载并保存成功!
2024-12-10 21:35:01,702 - INFO - kccp3fnwlms4apr
2024-12-10 21:35:01,724 - INFO - vms3kdiecxwvvyo
2024-12-10 21:35:01,744 - INFO - n1p7uik8d866dal
2024-12-10 21:35:01,909 - INFO - GXFD
2024-12-10 21:35:08,635 - INFO - Maintenance time. Try again later.
2024-12-10 21:35:09,167 - INFO - https://www.serv00.com/captcha/image/d228869b17f396b48311c34329d0eb07540355cb/
2024-12-10 21:35:09,658 - INFO - 图片下载并保存成功!
2024-12-10 21:35:09,658 - INFO - zhozuo0rvrlre7t
2024-12-10 21:35:09,692 - INFO - qtxi125j7zc98zm
2024-12-10 21:35:09,713 - INFO - 4r8vhn8zyg1s5lk
2024-12-10 21:35:09,852 - INFO - FVR
2024-12-10 21:35:11,150 - INFO - Invalid CAPTCHA
2024-12-10 21:35:11,623 - INFO - https://www.serv00.com/captcha/image/9911b04f7aedcfb9d7a6106c35c27e987195eed4/
2024-12-10 21:35:12,091 - INFO - 图片下载并保存成功!
2024-12-10 21:35:12,091 - INFO - a9wgph818w2pjnr
2024-12-10 21:35:12,118 - INFO - 6d9iyj5mx9827y0
2024-12-10 21:35:12,148 - INFO - a1q4ixfmpmarvhm
2024-12-10 21:35:12,316 - INFO - OQA
2024-12-10 21:35:13,450 - INFO - Invalid CAPTCHA
2024-12-10 21:35:13,867 - INFO - https://www.serv00.com/captcha/image/52ddb37c3786a824b7248eaaf55a5726bb7cac9d/
2024-12-10 21:35:14,346 - INFO - 图片下载并保存成功!
2024-12-10 21:35:14,346 - INFO - bx6swkcw00kaval
2024-12-10 21:35:14,373 - INFO - whso2bmis1otwd0
2024-12-10 21:35:14,394 - INFO - cywnzuhw7i0llde
2024-12-10 21:35:14,532 - INFO - AEOW
2024-12-10 21:35:21,361 - INFO - Maintenance time. Try again later.
2024-12-10 21:35:21,849 - INFO - https://www.serv00.com/captcha/image/86edbe9f6456154ba641d27cc1be098e8678376b/
2024-12-10 21:35:22,338 - INFO - 图片下载并保存成功!
2024-12-10 21:35:22,338 - INFO - sdm95c3w9azrocn
2024-12-10 21:35:22,358 - INFO - bbb4xsl2nkm6xoz
2024-12-10 21:35:22,379 - INFO - 7h0sait7hocexe8
2024-12-10 21:35:22,513 - INFO - FWC
2024-12-10 21:35:23,925 - INFO - Invalid CAPTCHA
2024-12-10 21:35:24,386 - INFO - https://www.serv00.com/captcha/image/e590080e033ecf4a2e4e22b44a0394683cc36e1b/
2024-12-10 21:35:24,862 - INFO - 图片下载并保存成功!
2024-12-10 21:35:24,862 - INFO - ujzl6bpzleo1n9k
2024-12-10 21:35:24,885 - INFO - ehv7f7na31yez3c
2024-12-10 21:35:24,905 - INFO - 6d0b0qur5hd9y91
2024-12-10 21:35:25,045 - INFO - LNCF
2024-12-10 21:35:31,789 - INFO - Maintenance time. Try again later.
2024-12-10 21:39:45,868 - INFO - https://www.serv00.com/captcha/image/124e1253ce3c4ab7db49cdd54825de7d8d5f1b7e/
2024-12-10 21:39:46,379 - INFO - 图片下载并保存成功!
2024-12-10 21:39:46,380 - INFO - akwnilq1bpdws7j
2024-12-10 21:39:46,426 - INFO - imbf8olgmrp8ocj
2024-12-10 21:39:46,454 - INFO - mauu9vac833x1uq
2024-12-10 21:39:46,714 - INFO - QBWB
2024-12-10 21:39:49,381 - INFO - Maintenance time. Try again later.
2024-12-10 21:39:49,838 - INFO - https://www.serv00.com/captcha/image/7f14942df701bd56d6772d6a66b69ab46de1d223/
2024-12-10 21:39:50,320 - INFO - 图片下载并保存成功!
2024-12-10 21:39:50,321 - INFO - wnymbnuu7nxh8ep
2024-12-10 21:39:50,358 - INFO - v8bkv6cqzbt2i6w
2024-12-10 21:39:50,388 - INFO - i8qc8axisehsj7t
2024-12-10 21:39:50,592 - INFO - NKLN
2024-12-10 21:39:53,195 - INFO - Maintenance time. Try again later.
2024-12-10 21:39:53,660 - INFO - https://www.serv00.com/captcha/image/b79504e59c755a83717328529170e241b8cec9a4/
2024-12-10 21:39:54,188 - INFO - 图片下载并保存成功!
2024-12-10 21:39:54,188 - INFO - 3np89908lh5m2i7
2024-12-10 21:39:54,208 - INFO - 5g13zaye08oh4px
2024-12-10 21:39:54,234 - INFO - 133csdigg84u744
2024-12-10 21:39:54,584 - INFO - NFHP
2024-12-10 21:39:57,334 - INFO - Maintenance time. Try again later.
2024-12-10 21:39:57,779 - INFO - https://www.serv00.com/captcha/image/838ee69f2ffcf76ba234b1ac2beb192685b24a94/
2024-12-10 21:39:58,257 - INFO - 图片下载并保存成功!
2024-12-10 21:39:58,257 - INFO - n9vqglk3vmag6n6
2024-12-10 21:39:58,275 - INFO - yo2nta2b3lyt1wi
2024-12-10 21:39:58,292 - INFO - mcnhyuyq9kz5mjl
2024-12-10 21:39:58,461 - INFO - BLVD
2024-12-10 21:40:01,119 - INFO - Maintenance time. Try again later.
2024-12-10 21:40:01,814 - INFO - https://www.serv00.com/captcha/image/2cba032c8c60d54ef8e2e101922120a0109af815/
2024-12-10 21:40:02,421 - INFO - 图片下载并保存成功!
2024-12-10 21:40:02,422 - INFO - wuslc0m8f03hpmu
2024-12-10 21:40:02,439 - INFO - adj5tg64jr94tqh
2024-12-10 21:40:02,456 - INFO - gw5afqvc7khm18y
2024-12-10 21:40:02,611 - INFO - IOPK
2024-12-10 21:40:05,197 - INFO - Maintenance time. Try again later.
2024-12-10 21:40:05,632 - INFO - https://www.serv00.com/captcha/image/1391bc0f911aa133becaceb0d24385910a95f743/
2024-12-10 21:40:06,126 - INFO - 图片下载并保存成功!
2024-12-10 21:40:06,126 - INFO - 3ecpnvc25egojve
2024-12-10 21:40:06,148 - INFO - ptap19cdnsp6qzg
2024-12-10 21:40:06,165 - INFO - quondr2wqv47yaz
2024-12-10 21:40:06,328 - INFO - CHZD
2024-12-10 21:40:08,977 - INFO - Maintenance time. Try again later.
2024-12-10 21:40:09,433 - INFO - https://www.serv00.com/captcha/image/6ae5c4162b0a3cbbea4615c65a7ceced7fa749b4/
2024-12-10 21:40:09,913 - INFO - 图片下载并保存成功!
2024-12-10 21:40:09,914 - INFO - imy1zz7pqx8w0k7
2024-12-10 21:40:09,943 - INFO - qhx6wum9o45di6a
2024-12-10 21:40:09,997 - INFO - jy8l0wj372zeo70
2024-12-10 21:40:10,146 - INFO - BQVB
2024-12-10 21:40:11,551 - INFO - Invalid CAPTCHA
2024-12-10 21:40:11,993 - INFO - https://www.serv00.com/captcha/image/6f2d7e3a50c2425b224b63c5fe87f31de02b6dd3/
2024-12-10 21:40:12,488 - INFO - 图片下载并保存成功!
2024-12-10 21:40:12,488 - INFO - 88qv39gomf6v55n
2024-12-10 21:40:12,509 - INFO - hwst6n1on0mwwl4
2024-12-10 21:40:12,529 - INFO - kdvwon56b0diy2k
2024-12-10 21:40:12,654 - INFO - AGBS
2024-12-10 21:40:15,306 - INFO - Maintenance time. Try again later.
2024-12-10 21:40:15,737 - INFO - https://www.serv00.com/captcha/image/e0c565423631e2282b9d64b0c57f825bde099c23/
2024-12-10 21:40:16,227 - INFO - 图片下载并保存成功!
2024-12-10 21:40:16,227 - INFO - 226wqa5kr2r0hwz
2024-12-10 21:40:16,248 - INFO - m9pzajzgufgmfti
2024-12-10 21:40:16,265 - INFO - hy8gkcij536bjc5
2024-12-10 21:40:16,377 - INFO - LUL
2024-12-10 21:40:17,713 - INFO - Invalid CAPTCHA
2024-12-10 21:40:18,155 - INFO - https://www.serv00.com/captcha/image/b8f09e80efb3afc1056d410968a19cd89484ab30/
2024-12-10 21:40:18,664 - INFO - 图片下载并保存成功!
2024-12-10 21:40:18,664 - INFO - 6i499pqb0zee38g
2024-12-10 21:40:18,683 - INFO - oo3jh9cnmnrlnym
2024-12-10 21:40:18,703 - INFO - sqkyswikx75kvw3
2024-12-10 21:40:18,835 - INFO - ZDDW
2024-12-10 21:40:21,439 - INFO - Maintenance time. Try again later.
2024-12-10 21:40:21,889 - INFO - https://www.serv00.com/captcha/image/e04267d9c18f3a55b2dacec9258f824febec0a4e/
2024-12-10 21:40:22,353 - INFO - 图片下载并保存成功!
2024-12-10 21:40:22,353 - INFO - 884ga9d0qxkv98d
2024-12-10 21:40:22,378 - INFO - oe876utkk26jr9m
2024-12-10 21:40:22,402 - INFO - f688xa30qr39wua
2024-12-10 21:40:22,524 - INFO - KAPZ
2024-12-10 21:40:25,120 - INFO - Maintenance time. Try again later.
2024-12-10 21:40:25,609 - INFO - https://www.serv00.com/captcha/image/72d57b75951bdd4c3d1e203e40e4f3592e142565/
2024-12-10 21:40:26,096 - INFO - 图片下载并保存成功!
2024-12-10 21:40:26,096 - INFO - 888k77ktku6rsy8
2024-12-10 21:40:26,116 - INFO - ab2zc1l0tpz6g0h
2024-12-10 21:40:26,142 - INFO - 6n7zbypcjuwyd77
2024-12-10 21:40:27,045 - INFO - LLQG
2024-12-10 21:40:28,284 - INFO - Invalid CAPTCHA
2024-12-10 21:40:28,728 - INFO - https://www.serv00.com/captcha/image/31ec0f48cb7aaeca4b83f67aae5919f438a2634c/
2024-12-10 21:40:29,197 - INFO - 图片下载并保存成功!
2024-12-10 21:40:29,197 - INFO - ddg9cd1fhvbe8s6
2024-12-10 21:40:29,220 - INFO - kgr8yxn5iiliiby
2024-12-10 21:40:29,243 - INFO - tjexlfdcq42mvri
2024-12-10 21:40:29,707 - INFO - HAGU
2024-12-10 21:40:36,618 - INFO - Maintenance time. Try again later.
2024-12-10 21:40:37,052 - INFO - https://www.serv00.com/captcha/image/c01b3f6160570480a930a45c0db5361dc0bf699b/
2024-12-10 21:40:37,531 - INFO - 图片下载并保存成功!
2024-12-10 21:40:37,531 - INFO - uve12zdnxynrrym
2024-12-10 21:40:37,553 - INFO - jj9o7fedgx18f95
2024-12-10 21:40:37,572 - INFO - jc8bsjfyta083cl
2024-12-10 21:40:37,707 - INFO - HUOP
2024-12-10 21:40:44,521 - INFO - Maintenance time. Try again later.
2024-12-10 21:40:44,961 - INFO - https://www.serv00.com/captcha/image/b94739cff9374e95b84bba8d097765fa89d02494/
2024-12-10 21:40:45,489 - INFO - 图片下载并保存成功!
2024-12-10 21:40:45,489 - INFO - 85hddtdmnjc0tkd
2024-12-10 21:40:45,589 - INFO - k58tctqcmggbrli
2024-12-10 21:40:45,615 - INFO - kosj1eaw1b48tbw
2024-12-10 21:40:45,868 - INFO - CTGM
2024-12-10 21:40:52,365 - INFO - Maintenance time. Try again later.
2024-12-10 21:40:52,804 - INFO - https://www.serv00.com/captcha/image/721841bec372899935105eb56102e61d99a57717/
2024-12-10 21:40:53,280 - INFO - 图片下载并保存成功!
2024-12-10 21:40:53,280 - INFO - nz3ma3aijrmujuw
2024-12-10 21:40:53,306 - INFO - x40saopvked6ijx
2024-12-10 21:40:53,326 - INFO - zlt12iti1ctu4sy
2024-12-10 21:40:53,510 - INFO - CNSB
2024-12-10 21:41:00,313 - INFO - Maintenance time. Try again later.
2024-12-10 21:41:00,861 - INFO - https://www.serv00.com/captcha/image/ab5f4878e7c23e34a7b39abe03c0861a7357f723/
2024-12-10 21:41:01,376 - INFO - 图片下载并保存成功!
2024-12-10 21:41:01,377 - INFO - rolbhbkh8k9gfz4
2024-12-10 21:41:01,470 - INFO - g87bynz8vlfaaq0
2024-12-10 21:41:01,539 - INFO - 0wdh7qsrcqhnbhg
2024-12-10 21:41:02,236 - INFO - BK
2024-12-10 21:41:03,580 - INFO - Invalid CAPTCHA
2024-12-10 21:41:04,029 - INFO - https://www.serv00.com/captcha/image/a2089e1475eec4ffadacdea34fd79bfc2b39bc3d/
2024-12-10 21:41:04,505 - INFO - 图片下载并保存成功!
2024-12-10 21:41:04,505 - INFO - t76fhhene19ubjn
2024-12-10 21:41:04,530 - INFO - vlfk3ivk28ztld0
2024-12-10 21:41:04,553 - INFO - 8rna4pk0cq3jt5a
2024-12-10 21:41:04,722 - INFO - KTPC
2024-12-10 21:41:16,585 - INFO - Maintenance time. Try again later.
2024-12-10 21:41:17,019 - INFO - https://www.serv00.com/captcha/image/6fb1c5208aeffbcfc8cd8a7b9a853c778f3b3744/
2024-12-10 21:41:17,507 - INFO - 图片下载并保存成功!
2024-12-10 21:41:17,507 - INFO - 8rekq6h6d57j137
2024-12-10 21:41:17,532 - INFO - xblk3buedoao3ck
2024-12-10 21:41:17,558 - INFO - rxjuzs7xul74fog
2024-12-10 21:41:17,992 - INFO - KKFP
2024-12-10 21:41:24,726 - INFO - Maintenance time. Try again later.
2024-12-10 21:41:25,156 - INFO - https://www.serv00.com/captcha/image/9105e62e3f4e726253b6349b78ba9f541d2eff50/
2024-12-10 21:41:25,630 - INFO - 图片下载并保存成功!
2024-12-10 21:41:25,630 - INFO - g4u0ajph3015951
2024-12-10 21:41:25,658 - INFO - hkewudr0khruy1v
2024-12-10 21:41:25,683 - INFO - kr5xmoph34h8tkr
2024-12-10 21:41:25,904 - INFO - DPTU
2024-12-10 21:41:32,684 - INFO - Maintenance time. Try again later.
2024-12-10 21:41:33,125 - INFO - https://www.serv00.com/captcha/image/5096b69a6e54f1093e27803a7bf54cd4a4cbeafd/
2024-12-10 21:41:33,623 - INFO - 图片下载并保存成功!
2024-12-10 21:41:33,623 - INFO - jj1rucakmdizx7d
2024-12-10 21:41:33,645 - INFO - uqhzpwuy9gx0gbi
2024-12-10 21:41:33,662 - INFO - y0875obvm4eo1pd
2024-12-10 21:41:33,770 - INFO - XBLD
2024-12-10 21:41:35,119 - INFO - Invalid CAPTCHA
2024-12-10 21:41:35,576 - INFO - https://www.serv00.com/captcha/image/cea9a09cc7c119fd12e98a7452a47557fec561a1/
2024-12-10 21:41:36,038 - INFO - 图片下载并保存成功!
2024-12-10 21:41:36,038 - INFO - y9t3g92ez0k69jr
2024-12-10 21:41:36,056 - INFO - 63r8521twd8pjzo
2024-12-10 21:41:36,072 - INFO - kdqcy18sn0hnykq
2024-12-10 21:41:36,179 - INFO - ELVX
2024-12-10 21:41:42,772 - INFO - Maintenance time. Try again later.
2024-12-10 21:41:43,230 - INFO - https://www.serv00.com/captcha/image/7eb1a2c3b5eaafa1c51d9e474bab3e0376d3ce22/
2024-12-10 21:41:43,712 - INFO - 图片下载并保存成功!
2024-12-10 21:41:43,712 - INFO - 7opvvfjspgusb6r
2024-12-10 21:41:43,732 - INFO - q7u9w4cjua2pfw3
2024-12-10 21:41:43,748 - INFO - f8izatc1btxdhqv
2024-12-10 21:41:43,864 - INFO - NGIZ
2024-12-10 21:41:50,437 - INFO - Maintenance time. Try again later.
2024-12-10 21:41:50,868 - INFO - https://www.serv00.com/captcha/image/0cf640d5d8d4105196512679a9f30f1189ceb23a/
2024-12-10 21:41:51,402 - INFO - 图片下载并保存成功!
2024-12-10 21:41:51,403 - INFO - 54lopbe3or3f0cv
2024-12-10 21:41:51,439 - INFO - bia1xpz7pbxmnuo
2024-12-10 21:41:51,460 - INFO - 7ntpp09q3rtyshy
2024-12-10 21:41:51,581 - INFO - NKVT
2024-12-10 21:41:58,236 - INFO - Maintenance time. Try again later.
2024-12-10 21:41:58,673 - INFO - https://www.serv00.com/captcha/image/4c0c1700da3b80636977187cafe4e36e913694a7/
2024-12-10 21:41:59,153 - INFO - 图片下载并保存成功!
2024-12-10 21:41:59,153 - INFO - ajce6in61hrehav
2024-12-10 21:41:59,172 - INFO - dkyy3rooanojtv9
2024-12-10 21:41:59,187 - INFO - tfw1nwfxeq1plud
2024-12-10 21:41:59,297 - INFO - AVOZ
2024-12-10 21:42:06,061 - INFO - Maintenance time. Try again later.
2024-12-10 21:42:06,609 - INFO - https://www.serv00.com/captcha/image/2bba082f6320998f7319cdf2e5ba88a29d8d0ea3/
2024-12-10 21:42:07,114 - INFO - 图片下载并保存成功!
2024-12-10 21:42:07,114 - INFO - 7j0b62zd58dru3k
2024-12-10 21:42:07,136 - INFO - e1iq4tz7299c3y6
2024-12-10 21:42:07,158 - INFO - 9y6avww45nz67d1
2024-12-10 21:42:07,292 - INFO - YAYB
2024-12-10 21:42:13,753 - INFO - Maintenance time. Try again later.
2024-12-10 21:42:14,216 - INFO - https://www.serv00.com/captcha/image/24d89b08ddc3fa84b07ca9d2d7ed7e399129e620/
2024-12-10 21:42:14,734 - INFO - 图片下载并保存成功!
2024-12-10 21:42:14,734 - INFO - 15dujl2ke4g2e7r
2024-12-10 21:42:14,758 - INFO - ugrm3zbngsw8hvg
2024-12-10 21:42:14,777 - INFO - pe6p1qpqoabhnwy
2024-12-10 21:42:14,900 - INFO - KVBG
2024-12-10 21:42:21,418 - INFO - Maintenance time. Try again later.
2024-12-10 21:42:21,867 - INFO - https://www.serv00.com/captcha/image/0fb0ef30c14b8a44f94269466bf692a42b89aa8e/
2024-12-10 21:42:22,342 - INFO - 图片下载并保存成功!
2024-12-10 21:42:22,342 - INFO - yue0ajc1oqexwh2
2024-12-10 21:42:22,361 - INFO - majbgdhzfkbaj3k
2024-12-10 21:42:22,379 - INFO - me1x3t7cpw5twky
2024-12-10 21:42:22,497 - INFO - RIGB
2024-12-10 21:42:29,172 - INFO - Maintenance time. Try again later.
2024-12-10 21:42:29,595 - INFO - https://www.serv00.com/captcha/image/233605e5a742cd11f3b6168c8e1d09e0c816808f/
2024-12-10 21:42:30,136 - INFO - 图片下载并保存成功!
2024-12-10 21:42:30,136 - INFO - fpfcwiif9989ggw
2024-12-10 21:42:30,157 - INFO - 3qpnl777c0ou9s3
2024-12-10 21:42:30,174 - INFO - k5tr1xfhsedzx1w
2024-12-10 21:42:30,293 - INFO - DDMK
2024-12-10 21:42:36,793 - INFO - Maintenance time. Try again later.
2024-12-10 21:42:37,209 - INFO - https://www.serv00.com/captcha/image/51925820f3a7de5e00d7d72f8d39ab25ea071df9/
2024-12-10 21:42:37,674 - INFO - 图片下载并保存成功!
2024-12-10 21:42:37,674 - INFO - g798vdvc7z0exkb
2024-12-10 21:42:37,698 - INFO - p3mxjz6eu1ajn5b
2024-12-10 21:42:37,717 - INFO - ob2xbcx47kdtxg6
2024-12-10 21:42:37,837 - INFO - NSIQ
2024-12-10 21:42:44,555 - INFO - Maintenance time. Try again later.
2024-12-10 21:42:44,978 - INFO - https://www.serv00.com/captcha/image/0014e7e2ace4738f383f33a7f7ae350256f673f2/
2024-12-10 21:42:45,467 - INFO - 图片下载并保存成功!
2024-12-10 21:42:45,467 - INFO - ldpd9paipx89fdy
2024-12-10 21:42:45,489 - INFO - 4nwx034wfsq6h3g
2024-12-10 21:42:45,509 - INFO - 9hhtr1w0oehyghe
2024-12-10 21:42:45,630 - INFO - PASG
2024-12-10 21:42:52,365 - INFO - Maintenance time. Try again later.
2024-12-10 21:42:52,783 - INFO - https://www.serv00.com/captcha/image/1f43b37f6d5fb21c5a59c00acee0e5becc7fffd6/
2024-12-10 21:42:53,246 - INFO - 图片下载并保存成功!
2024-12-10 21:42:53,246 - INFO - hk4wf6invxy0axk
2024-12-10 21:42:53,271 - INFO - x33vuaj2guvesxz
2024-12-10 21:42:53,292 - INFO - fw7swtidspirm3p
2024-12-10 21:42:53,434 - INFO - ZMYG
2024-12-10 21:42:59,876 - INFO - Maintenance time. Try again later.
2024-12-10 21:43:00,564 - INFO - https://www.serv00.com/captcha/image/80c98368caf96a66d778553c867707ac18925f94/
2024-12-10 21:43:01,208 - INFO - 图片下载并保存成功!
2024-12-10 21:43:01,208 - INFO - w7s7pj16uo3kb7r
2024-12-10 21:43:01,242 - INFO - sq4uz4mg9hp02z5
2024-12-10 21:43:01,270 - INFO - osnh9mlehdfucvb
2024-12-10 21:43:01,873 - INFO - GZOG
2024-12-10 21:43:08,701 - INFO - Maintenance time. Try again later.
2024-12-10 21:43:09,123 - INFO - https://www.serv00.com/captcha/image/8ff878eedf79c6c3e950f59027b9efe85e24d341/
2024-12-10 21:43:09,601 - INFO - 图片下载并保存成功!
2024-12-10 21:43:09,601 - INFO - tb46xjuiamz3nut
2024-12-10 21:43:09,625 - INFO - 4lc77z0df1twjwe
2024-12-10 21:43:09,651 - INFO - zeipbbbvff3p8co
2024-12-10 21:43:09,884 - INFO - YQPQ
2024-12-10 21:43:11,341 - INFO - Invalid CAPTCHA
2024-12-10 21:43:11,776 - INFO - https://www.serv00.com/captcha/image/2929558a836930e64d4bee5ae89e5ce69adf8938/
2024-12-10 21:43:12,271 - INFO - 图片下载并保存成功!
2024-12-10 21:43:12,271 - INFO - w9d987qs934jvvg
2024-12-10 21:43:12,331 - INFO - 9o262fdptrcpxoc
2024-12-10 21:43:12,421 - INFO - 0q4z16k5s9e7pf2
2024-12-10 21:43:12,590 - INFO - ZYKQ
2024-12-10 21:43:19,010 - INFO - Maintenance time. Try again later.
2024-12-10 21:43:19,426 - INFO - https://www.serv00.com/captcha/image/285809c86ab6cf856d66f3cd9baec17dee22b3a0/
2024-12-10 21:43:19,900 - INFO - 图片下载并保存成功!
2024-12-10 21:43:19,900 - INFO - qdlqq6xc0fjm2kg
2024-12-10 21:43:19,924 - INFO - njlvfa8ouj6kmzf
2024-12-10 21:43:19,949 - INFO - v4bjs5lz8azvipt
2024-12-10 21:43:20,116 - INFO - UCOG
2024-12-10 21:43:26,866 - INFO - Maintenance time. Try again later.
2024-12-10 21:43:27,299 - INFO - https://www.serv00.com/captcha/image/7087956afcf1374ec80a34b0eaa432b7b5a060d2/
2024-12-10 21:43:27,774 - INFO - 图片下载并保存成功!
2024-12-10 21:43:27,774 - INFO - bgz1riqaml8hrxq
2024-12-10 21:43:27,794 - INFO - o9wpbu763619cnd
2024-12-10 21:43:27,810 - INFO - 3xo4ttawixfr6fz
2024-12-10 21:43:27,917 - INFO - ZPZ
2024-12-10 21:43:29,018 - INFO - Invalid CAPTCHA
2024-12-10 21:43:29,468 - INFO - https://www.serv00.com/captcha/image/15cf198effa73bd6f763dbe7b13dcb1267601e58/
2024-12-10 21:43:29,931 - INFO - 图片下载并保存成功!
2024-12-10 21:43:29,932 - INFO - jqatvz1vj2omzf7
2024-12-10 21:43:29,953 - INFO - egud3r1tjkm1tl4
2024-12-10 21:43:29,972 - INFO - vvv022l5k4hcwva
2024-12-10 21:43:30,104 - INFO - NZHC
2024-12-10 21:43:36,579 - INFO - Maintenance time. Try again later.
2024-12-10 21:43:37,034 - INFO - https://www.serv00.com/captcha/image/cc4f6474102198def2624f32449e9787ac187820/
2024-12-10 21:43:37,513 - INFO - 图片下载并保存成功!
2024-12-10 21:43:37,513 - INFO - u06wx0cwv5rhg5j
2024-12-10 21:43:37,539 - INFO - nbb4glqwlcuoczs
2024-12-10 21:43:37,565 - INFO - sm4zbt9z6txd6tt
2024-12-10 21:43:37,779 - INFO - NBUV
2024-12-10 21:43:44,314 - INFO - Maintenance time. Try again later.
2024-12-10 21:43:44,803 - INFO - https://www.serv00.com/captcha/image/576d098085c9562a7c38bc0cf4a6ae8d06bdb50d/
2024-12-10 21:43:45,301 - INFO - 图片下载并保存成功!
2024-12-10 21:43:45,301 - INFO - 6oi04a9ada24wcd
2024-12-10 21:43:45,324 - INFO - muy47paoetan1yp
2024-12-10 21:43:45,342 - INFO - b6b3ckzq0nf3tcr
2024-12-10 21:43:45,486 - INFO - HGHT
2024-12-10 21:43:52,078 - INFO - Maintenance time. Try again later.
2024-12-10 21:43:52,495 - INFO - https://www.serv00.com/captcha/image/bbd25bc1b9a6397b03acdc3235d57488b71dd346/
2024-12-10 21:43:52,974 - INFO - 图片下载并保存成功!
2024-12-10 21:43:52,974 - INFO - ef67cx10zljp9ak
2024-12-10 21:43:52,998 - INFO - 9lfowa5likkl1ll
2024-12-10 21:43:53,017 - INFO - 8gv2e1np9o8o5x8
2024-12-10 21:43:53,145 - INFO - WLVO
2024-12-10 21:43:59,755 - INFO - Maintenance time. Try again later.
2024-12-10 21:44:00,285 - INFO - https://www.serv00.com/captcha/image/0e39829ed5814a0a9069d8d8fd44f3ca27599e64/
2024-12-10 21:44:01,209 - INFO - 图片下载并保存成功!
2024-12-10 21:44:01,209 - INFO - tz8v4x8kk3knlry
2024-12-10 21:44:01,231 - INFO - uhrihucp9qyt1f0
2024-12-10 21:44:01,253 - INFO - ubdrsydd95re1vf
2024-12-10 21:44:01,379 - INFO - MKTQ
2024-12-10 21:44:07,975 - INFO - Maintenance time. Try again later.
2024-12-10 21:44:08,429 - INFO - https://www.serv00.com/captcha/image/09fd34dc79dd5b0d08be5370e0ddd821ba90e1a1/
2024-12-10 21:44:08,918 - INFO - 图片下载并保存成功!
2024-12-10 21:44:08,918 - INFO - 2u67afwty552jxy
2024-12-10 21:44:08,943 - INFO - 4zu4tyjlkom1ia0
2024-12-10 21:44:08,964 - INFO - idp4tnab04up5bv
2024-12-10 21:44:09,126 - INFO - RBMJ
2024-12-10 21:44:15,681 - INFO - Maintenance time. Try again later.
2024-12-10 21:44:16,129 - INFO - https://www.serv00.com/captcha/image/4c68a2918b8d37b108b8f79a045be176b382f8b2/
2024-12-10 21:44:16,621 - INFO - 图片下载并保存成功!
2024-12-10 21:44:16,622 - INFO - qhwb6katpxsnkst
2024-12-10 21:44:16,645 - INFO - 4c8bs0iqbi539z0
2024-12-10 21:44:16,663 - INFO - wb0aj716jivvyv0
2024-12-10 21:44:16,791 - INFO - DWHE
2024-12-10 21:44:23,396 - INFO - Maintenance time. Try again later.
2024-12-10 21:44:23,861 - INFO - https://www.serv00.com/captcha/image/0d682afd3300348aa641fd9dd9c070bc9d968ba6/
2024-12-10 21:44:24,324 - INFO - 图片下载并保存成功!
2024-12-10 21:44:24,324 - INFO - 16mi65rugisonw8
2024-12-10 21:44:24,350 - INFO - 1or7mx1lfatar1a
2024-12-10 21:44:24,370 - INFO - 8ngldp91qjhthgu
2024-12-10 21:44:24,529 - INFO - NKE
2024-12-10 21:44:25,728 - INFO - Invalid CAPTCHA
2024-12-10 21:44:26,215 - INFO - https://www.serv00.com/captcha/image/8c7253db8a430e06046785e3a6a0d61cc40e8823/
2024-12-10 21:44:26,703 - INFO - 图片下载并保存成功!
2024-12-10 21:44:26,703 - INFO - yq9nhk9xmvdt7ch
2024-12-10 21:44:26,726 - INFO - 9ykeqixcs637m0m
2024-12-10 21:44:26,745 - INFO - as7ta3sktz0rf6w
2024-12-10 21:44:26,910 - INFO - TBFX
2024-12-10 21:44:33,588 - INFO - Maintenance time. Try again later.
2024-12-10 21:44:34,035 - INFO - https://www.serv00.com/captcha/image/949c41ad7ff90b7d20f055f949b2cf0067235217/
2024-12-10 21:44:34,526 - INFO - 图片下载并保存成功!
2024-12-10 21:44:34,526 - INFO - pe1qi6zmfo8gpfq
2024-12-10 21:44:34,552 - INFO - 863vpq6xaesgp0k
2024-12-10 21:44:34,571 - INFO - 4nho46nzvsv8suk
2024-12-10 21:44:34,731 - INFO - CAPZ
2024-12-10 21:44:41,363 - INFO - Maintenance time. Try again later.
2024-12-10 21:44:41,820 - INFO - https://www.serv00.com/captcha/image/20536c94e134b0c4126b44891f720c8a2901af0e/
2024-12-10 21:44:42,305 - INFO - 图片下载并保存成功!
2024-12-10 21:44:42,305 - INFO - wtkyybi96i906yv
2024-12-10 21:44:42,329 - INFO - up11kljxuomm7jv
2024-12-10 21:44:42,345 - INFO - qtpdmpgcfirjdo1
2024-12-10 21:44:42,464 - INFO - SDLY
2024-12-10 21:44:49,069 - INFO - Maintenance time. Try again later.
2024-12-10 21:44:49,509 - INFO - https://www.serv00.com/captcha/image/7ce1933b135f06d7b00f4a53a1e838250483b72a/
2024-12-10 21:44:50,001 - INFO - 图片下载并保存成功!
2024-12-10 21:44:50,001 - INFO - q0rkitm2wcjnd8o
2024-12-10 21:44:50,024 - INFO - 6o8i5vz1091e2de
2024-12-10 21:44:50,051 - INFO - os3xgkbl4agrkz7
2024-12-10 21:44:50,284 - INFO - APS
2024-12-10 21:44:51,655 - INFO - Invalid CAPTCHA
2024-12-10 21:44:52,138 - INFO - https://www.serv00.com/captcha/image/6de014a938624464058831a411df6fbd88f45137/
2024-12-10 21:44:52,626 - INFO - 图片下载并保存成功!
2024-12-10 21:44:52,626 - INFO - ccv1ti3nx3qvaa7
2024-12-10 21:44:52,654 - INFO - mjimzn0di6n0bbz
2024-12-10 21:44:52,677 - INFO - atqitjys9tp428w
2024-12-10 21:44:52,845 - INFO - XR
2024-12-10 21:44:54,212 - INFO - Invalid CAPTCHA
2024-12-10 21:44:54,705 - INFO - https://www.serv00.com/captcha/image/d14ad9619f08a90be925f514328fbd7f83a2e88e/
2024-12-10 21:44:55,219 - INFO - 图片下载并保存成功!
2024-12-10 21:44:55,220 - INFO - ag2aoa9z6q7zyoh
2024-12-10 21:44:55,243 - INFO - 13ftmaic0gnh1q1
2024-12-10 21:44:55,264 - INFO - hxxyj5jjb0bli25
2024-12-10 21:44:55,403 - INFO - TQEH
2024-12-10 21:45:02,421 - INFO - Maintenance time. Try again later.
2024-12-10 21:45:02,993 - INFO - https://www.serv00.com/captcha/image/ed3f39827d3f7275b5abcde8e5ca395b548883f8/
2024-12-10 21:45:03,514 - INFO - 图片下载并保存成功!
2024-12-10 21:45:03,516 - INFO - c8mrq23qpqj0fv6
2024-12-10 21:45:03,615 - INFO - 03vc77xsarc19b9
2024-12-10 21:45:03,645 - INFO - cx16106p9fr2ljm
2024-12-10 21:45:04,214 - INFO - ZEUB
2024-12-10 21:45:10,798 - INFO - Maintenance time. Try again later.
2024-12-10 21:45:11,221 - INFO - https://www.serv00.com/captcha/image/821133cd8f0d054d2ff7a7e5e308b2490893c732/
2024-12-10 21:45:11,730 - INFO - 图片下载并保存成功!
2024-12-10 21:45:11,730 - INFO - x93u1xuklpvxjh8
2024-12-10 21:45:11,757 - INFO - qxkrsmfjkqh8bs7
2024-12-10 21:45:11,777 - INFO - i1bcknsqc2fvxu4
2024-12-10 21:45:11,941 - INFO - QEOA
2024-12-10 21:45:18,489 - INFO - Maintenance time. Try again later.
2024-12-10 21:45:18,915 - INFO - https://www.serv00.com/captcha/image/fc4f0f457601ad4113423732843bfe51bc983469/
2024-12-10 21:45:19,378 - INFO - 图片下载并保存成功!
2024-12-10 21:45:19,378 - INFO - lk7c8404fvremb3
2024-12-10 21:45:19,400 - INFO - efqg7tpsta8ostt
2024-12-10 21:45:19,424 - INFO - njnjwutbymvlq7e
2024-12-10 21:45:19,627 - INFO - DHNR
2024-12-10 21:45:26,037 - INFO - Maintenance time. Try again later.
2024-12-10 21:45:26,522 - INFO - https://www.serv00.com/captcha/image/e16d5519af65a4d585a93416f1a0afb77ca2b1b2/
2024-12-10 21:45:27,005 - INFO - 图片下载并保存成功!
2024-12-10 21:45:27,007 - INFO - cpxb3588d1z9sec
2024-12-10 21:45:27,101 - INFO - i1tcsz2za83qzbw
2024-12-10 21:45:27,126 - INFO - u3xspxoupzh9565
2024-12-10 21:45:27,283 - INFO - DYKP
2024-12-10 21:45:28,554 - INFO - Invalid CAPTCHA
2024-12-10 21:45:29,021 - INFO - https://www.serv00.com/captcha/image/8e12b10f85da965cb6f7b4e964682d2bbc83cfc3/
2024-12-10 21:45:29,550 - INFO - 图片下载并保存成功!
2024-12-10 21:45:29,551 - INFO - cl2x0hwr2523ds0
2024-12-10 21:45:29,574 - INFO - sll5gylw7ucc2id
2024-12-10 21:45:29,598 - INFO - x9zdj1x7zea575r
2024-12-10 21:45:29,719 - INFO - RLOH
2024-12-10 21:45:31,044 - INFO - Invalid CAPTCHA
2024-12-10 21:45:31,488 - INFO - https://www.serv00.com/captcha/image/94f2b81ea6756c6619590fa59f3568df1e460d95/
2024-12-10 21:45:31,954 - INFO - 图片下载并保存成功!
2024-12-10 21:45:31,954 - INFO - r4k1zte5lomfanh
2024-12-10 21:45:31,974 - INFO - 3h5ot75zsqc3qzv
2024-12-10 21:45:31,990 - INFO - a3a4eesgdjocqn3
2024-12-10 21:45:32,358 - INFO - DQVK
2024-12-10 21:45:38,933 - INFO - Maintenance time. Try again later.
2024-12-10 21:45:39,347 - INFO - https://www.serv00.com/captcha/image/6529f47098ca4de9d6e174712842d2ce775867a2/
2024-12-10 21:45:39,834 - INFO - 图片下载并保存成功!
2024-12-10 21:45:39,834 - INFO - 034r6rdkzrv3akn
2024-12-10 21:45:39,853 - INFO - t8uc26ry0b9cxj7
2024-12-10 21:45:39,868 - INFO - oc8q2nkmzgrc8ua
2024-12-10 21:45:39,981 - INFO - IZE
2024-12-10 21:45:41,187 - INFO - Invalid CAPTCHA
2024-12-10 21:45:41,672 - INFO - https://www.serv00.com/captcha/image/a1519eb34767cbb556721d92b47bdb3f93eb5b14/
2024-12-10 21:45:42,137 - INFO - 图片下载并保存成功!
2024-12-10 21:45:42,137 - INFO - whbevjy50n43hc7
2024-12-10 21:45:42,161 - INFO - kg9db9cyktbmpl7
2024-12-10 21:45:42,181 - INFO - bzar6odfqhcbjov
2024-12-10 21:45:42,307 - INFO - LFZZ
2024-12-10 21:45:48,944 - INFO - Maintenance time. Try again later.
2024-12-10 21:45:49,388 - INFO - https://www.serv00.com/captcha/image/7c6144c74166bf623ddd3535ee9be11d0a50ceb7/
2024-12-10 21:45:49,852 - INFO - 图片下载并保存成功!
2024-12-10 21:45:49,852 - INFO - zndruglep0ejixd
2024-12-10 21:45:49,877 - INFO - b7ay3l82eejqkrf
2024-12-10 21:45:49,897 - INFO - 294of7cs8z25ejx
2024-12-10 21:45:50,068 - INFO - WLQM
2024-12-10 21:45:51,375 - INFO - Invalid CAPTCHA
2024-12-10 21:45:51,821 - INFO - https://www.serv00.com/captcha/image/538619b523b987c91cebfa4977afbe4dcb540b3b/
2024-12-10 21:45:52,312 - INFO - 图片下载并保存成功!
2024-12-10 21:45:52,312 - INFO - 2pn896pa5078f68
2024-12-10 21:45:52,334 - INFO - ssxqh2qxvf5ytuf
2024-12-10 21:45:52,356 - INFO - 9f0tied1nzxkklr
2024-12-10 21:45:52,525 - INFO - ZRFN
2024-12-10 21:45:53,918 - INFO - Invalid CAPTCHA
2024-12-10 21:45:54,359 - INFO - https://www.serv00.com/captcha/image/bf9131ac35dabe9e883c6bb77354e56a09ce37cc/
2024-12-10 21:45:54,829 - INFO - 图片下载并保存成功!
2024-12-10 21:45:54,829 - INFO - llhw5ihc5yuo8az
2024-12-10 21:45:54,856 - INFO - aabhgncue1mj877
2024-12-10 21:45:54,877 - INFO - gcxbzr68xvr1703
2024-12-10 21:45:55,053 - INFO - CJAH
2024-12-10 21:46:01,562 - INFO - Maintenance time. Try again later.
2024-12-10 21:46:02,081 - INFO - https://www.serv00.com/captcha/image/83eaad865b2c12d5176be90c74b842ff3e395d0e/
2024-12-10 21:46:02,579 - INFO - 图片下载并保存成功!
2024-12-10 21:46:02,579 - INFO - pown2k8yvngf3ex
2024-12-10 21:46:02,600 - INFO - wsd6t0tkse35hzy
2024-12-10 21:46:02,619 - INFO - v1ce2vj4l8muzxc
2024-12-10 21:46:02,740 - INFO - UNGN
2024-12-10 21:46:09,433 - INFO - Maintenance time. Try again later.
2024-12-10 21:46:09,889 - INFO - https://www.serv00.com/captcha/image/14417537bdad7ab2dc5cb0102cbff2620368d74b/
2024-12-10 21:46:10,393 - INFO - 图片下载并保存成功!
2024-12-10 21:46:10,393 - INFO - ackx2voeo4smy6q
2024-12-10 21:46:10,414 - INFO - mpnjoz5i8x6t4rv
2024-12-10 21:46:10,433 - INFO - 8p9lafavgwj7c6s
2024-12-10 21:46:10,566 - INFO - XSBD
2024-12-10 21:46:17,299 - INFO - Maintenance time. Try again later.
2024-12-10 21:46:17,750 - INFO - https://www.serv00.com/captcha/image/cc78395c453e531ab4584242eded7e8383096fa3/
2024-12-10 21:46:18,240 - INFO - 图片下载并保存成功!
2024-12-10 21:46:18,240 - INFO - e5iz97h6nz5dzr0
2024-12-10 21:46:18,281 - INFO - q7cq21ut8rxg7fe
2024-12-10 21:46:18,319 - INFO - 6bq1v6i14wo3j7x
2024-12-10 21:46:18,549 - INFO - WWDA
2024-12-10 21:46:25,036 - INFO - Maintenance time. Try again later.
2024-12-10 21:46:25,487 - INFO - https://www.serv00.com/captcha/image/a6c89d4b58a89e6d461cffbf15b0210b051f6804/
2024-12-10 21:46:25,966 - INFO - 图片下载并保存成功!
2024-12-10 21:46:25,967 - INFO - rqs1diy0qbue885
2024-12-10 21:46:25,995 - INFO - sx15r355pqag0gx
2024-12-10 21:46:26,019 - INFO - po953ahxtw5gzrl
2024-12-10 21:46:26,211 - INFO - LYPU
2024-12-10 21:46:27,322 - INFO - Invalid CAPTCHA
2024-12-10 21:46:27,747 - INFO - https://www.serv00.com/captcha/image/51e170ff2d746bdf3c6be77edb7d541ec0fdd7b9/
2024-12-10 21:46:28,228 - INFO - 图片下载并保存成功!
2024-12-10 21:46:28,228 - INFO - xzab6kwyyc1ekbr
2024-12-10 21:46:28,250 - INFO - e6u331sb85osde9
2024-12-10 21:46:28,269 - INFO - kyyt7rmdsgjrpiy
2024-12-10 21:46:28,397 - INFO - AXFG
2024-12-10 21:46:34,848 - INFO - Maintenance time. Try again later.
2024-12-10 21:46:35,353 - INFO - https://www.serv00.com/captcha/image/c0da733b8f7897512a581f5e732ce0b4efae3f86/
2024-12-10 21:46:35,841 - INFO - 图片下载并保存成功!
2024-12-10 21:46:35,841 - INFO - rr3u5r0t4ctrxg0
2024-12-10 21:46:35,869 - INFO - kt0rgc1f381d92j
2024-12-10 21:46:35,899 - INFO - sift8iv2ip38ex5
2024-12-10 21:46:36,260 - INFO - TECX
2024-12-10 21:46:37,614 - INFO - Invalid CAPTCHA
2024-12-10 21:46:38,104 - INFO - https://www.serv00.com/captcha/image/cf1b16ea4a1a96bed3df77f35442ea8ec35abc6e/
2024-12-10 21:46:38,592 - INFO - 图片下载并保存成功!
2024-12-10 21:46:38,592 - INFO - rrnvp7bhcwlcgil
2024-12-10 21:46:38,613 - INFO - g1hvjviyxogbdpb
2024-12-10 21:46:38,633 - INFO - c3dvnxdcnvhu1ej
2024-12-10 21:46:38,765 - INFO - UU
2024-12-10 21:46:40,020 - INFO - Invalid CAPTCHA
2024-12-10 21:46:40,470 - INFO - https://www.serv00.com/captcha/image/b90ef60685227ea4097151266461a6b0a7ea5a34/
2024-12-10 21:46:40,947 - INFO - 图片下载并保存成功!
2024-12-10 21:46:40,947 - INFO - tekdi7l8e79poud
2024-12-10 21:46:40,971 - INFO - jfcclnqpjkwl7ja
2024-12-10 21:46:40,991 - INFO - ozmhkut7vetujvw
2024-12-10 21:46:41,160 - INFO - NWZ
2024-12-10 21:46:42,481 - INFO - Invalid CAPTCHA
2024-12-10 21:46:42,930 - INFO - https://www.serv00.com/captcha/image/6ded28362e757f7a09752dd31b2ab552013650f5/
2024-12-10 21:46:43,408 - INFO - 图片下载并保存成功!
2024-12-10 21:46:43,409 - INFO - 2qms2au1vwu4otx
2024-12-10 21:46:43,432 - INFO - wrvelz4muijk8a4
2024-12-10 21:46:43,452 - INFO - 67nzp7oxo711fnq
2024-12-10 21:46:43,626 - INFO - LDVE
2024-12-10 21:46:44,922 - INFO - Invalid CAPTCHA
2024-12-10 21:46:45,456 - INFO - https://www.serv00.com/captcha/image/10839a5ed8c6a9cf9f9027ab3413970aff4ba1b1/
2024-12-10 21:46:45,945 - INFO - 图片下载并保存成功!
2024-12-10 21:46:45,945 - INFO - 1ri9wgsmeigkygl
2024-12-10 21:46:45,972 - INFO - y8u02oqdkpex0y2
2024-12-10 21:46:45,994 - INFO - 7rr1qsf701r0jbp
2024-12-10 21:46:46,130 - INFO - XFK
2024-12-10 21:46:47,301 - INFO - Invalid CAPTCHA
2024-12-10 21:46:47,734 - INFO - https://www.serv00.com/captcha/image/3a032dc7252e7d1dfde68ce3d93ba48fcc881281/
2024-12-10 21:46:48,200 - INFO - 图片下载并保存成功!
2024-12-10 21:46:48,200 - INFO - pikc11nb5fvjca8
2024-12-10 21:46:48,222 - INFO - m23i6o3c9tanhy6
2024-12-10 21:46:48,241 - INFO - upzu6epbp3ig7lb
2024-12-10 21:46:48,364 - INFO - SBDB
2024-12-10 21:46:49,524 - INFO - Invalid CAPTCHA
2024-12-10 21:46:49,987 - INFO - https://www.serv00.com/captcha/image/ef58e95554612421abef3e67504c92ba3c44b3b1/
2024-12-10 21:46:50,465 - INFO - 图片下载并保存成功!
2024-12-10 21:46:50,466 - INFO - pj21gjpybweph6x
2024-12-10 21:46:50,488 - INFO - 4b4r3wbco74q5rf
2024-12-10 21:46:50,506 - INFO - ymm1dw4g3yhi7vn
2024-12-10 21:46:50,635 - INFO - GUGR
2024-12-10 21:46:57,195 - INFO - Maintenance time. Try again later.
2024-12-10 21:46:57,653 - INFO - https://www.serv00.com/captcha/image/6122a7d6f50dee3a211abf19998a547af25c06b5/
2024-12-10 21:46:58,144 - INFO - 图片下载并保存成功!
2024-12-10 21:46:58,144 - INFO - uktqop1hkicqsmw
2024-12-10 21:46:58,168 - INFO - 6xohgk48vuuijrf
2024-12-10 21:46:58,186 - INFO - ixpxmyo42ped56q
2024-12-10 21:46:58,350 - INFO - FHT
2024-12-10 21:46:59,590 - INFO - Invalid CAPTCHA
2024-12-10 21:47:00,020 - INFO - https://www.serv00.com/captcha/image/c60cfd1bcf097d55ef7fa903bc17d99d35396ecf/
2024-12-10 21:47:00,560 - INFO - 图片下载并保存成功!
2024-12-10 21:47:00,560 - INFO - fk2e5aip55b9y7t
2024-12-10 21:47:00,582 - INFO - umnaim8rwv6ljzq
2024-12-10 21:47:00,602 - INFO - b5gjm5cz2kftv65
2024-12-10 21:47:00,741 - INFO - YNH
2024-12-10 21:47:02,382 - INFO - Invalid CAPTCHA
2024-12-10 21:47:02,957 - INFO - https://www.serv00.com/captcha/image/8e7683b45409d4ef6aab106652a0c9481ec39105/
2024-12-10 21:47:03,519 - INFO - 图片下载并保存成功!
2024-12-10 21:47:03,520 - INFO - 6tpqokxqkb1nen9
2024-12-10 21:47:03,589 - INFO - 4gxsdkb3vmmlztu
2024-12-10 21:47:03,635 - INFO - 6pa99luslicepy7
2024-12-10 21:47:03,854 - INFO - TCOY
2024-12-10 21:47:10,291 - INFO - Maintenance time. Try again later.
2024-12-10 21:47:10,720 - INFO - https://www.serv00.com/captcha/image/7e5f15e20de310b0c782fe214820de0f1dc5abe5/
2024-12-10 21:47:11,196 - INFO - 图片下载并保存成功!
2024-12-10 21:47:11,196 - INFO - 1ot3cbxbri7506o
2024-12-10 21:47:11,218 - INFO - k98lt17vjds3uyg
2024-12-10 21:47:11,240 - INFO - fn8swr7sx41402p
2024-12-10 21:47:11,367 - INFO - PMF
2024-12-10 21:47:12,594 - INFO - Invalid CAPTCHA
2024-12-10 21:47:13,087 - INFO - https://www.serv00.com/captcha/image/6a727ee8653b4240a8fc0be5e4181fc7abdf66de/
2024-12-10 21:47:13,576 - INFO - 图片下载并保存成功!
2024-12-10 21:47:13,577 - INFO - k66hfdcqq6ogonv
2024-12-10 21:47:13,599 - INFO - 3m0tnvs3h3cgrux
2024-12-10 21:47:13,618 - INFO - 2ydsd8fa68kh7j4
2024-12-10 21:47:13,754 - INFO - IOXS
2024-12-10 21:47:20,357 - INFO - Maintenance time. Try again later.
2024-12-10 21:47:20,805 - INFO - https://www.serv00.com/captcha/image/060e9c94b08d1f09dec7bafe79b8558a5023d510/
2024-12-10 21:47:21,291 - INFO - 图片下载并保存成功!
2024-12-10 21:47:21,291 - INFO - ah04hsw6rvhf8h4
2024-12-10 21:47:21,314 - INFO - v6sk0det436owpu
2024-12-10 21:47:21,337 - INFO - ifpftym0dqq6rzo
2024-12-10 21:47:21,529 - INFO - NABL
2024-12-10 21:47:27,864 - INFO - Maintenance time. Try again later.
2024-12-10 21:47:28,336 - INFO - https://www.serv00.com/captcha/image/425a8e2986c2c2dac4dff88d01fc4d05bd77d946/
2024-12-10 21:47:28,827 - INFO - 图片下载并保存成功!
2024-12-10 21:47:28,827 - INFO - 5e0fe2o2gjh4056
2024-12-10 21:47:28,852 - INFO - 21zg7f1wwof3160
2024-12-10 21:47:28,877 - INFO - uzr4vkloakc8ied
2024-12-10 21:47:29,217 - INFO - JON
2024-12-10 21:47:30,309 - INFO - Invalid CAPTCHA
2024-12-10 21:47:30,753 - INFO - https://www.serv00.com/captcha/image/383e80fed0775b4e3128c5b2ce7bf9a97d3bbd8c/
2024-12-10 21:47:31,245 - INFO - 图片下载并保存成功!
2024-12-10 21:47:31,245 - INFO - zyedsxw24y5ram5
2024-12-10 21:47:31,272 - INFO - awp6a0n29ky4e9r
2024-12-10 21:47:31,305 - INFO - fdjrfd4elcfhjrz
2024-12-10 21:47:31,689 - INFO - NKQG
2024-12-10 21:47:38,454 - INFO - Maintenance time. Try again later.
2024-12-10 21:47:38,887 - INFO - https://www.serv00.com/captcha/image/439822a18ec277dc3051d11cc47730ff4a923e30/
2024-12-10 21:47:39,389 - INFO - 图片下载并保存成功!
2024-12-10 21:47:39,389 - INFO - zv9hoqh1a5yjncu
2024-12-10 21:47:39,411 - INFO - 1yq2tsap0gkrded
2024-12-10 21:47:39,431 - INFO - j49nl39x0m6bw5b
2024-12-10 21:47:39,556 - INFO - PQDP
2024-12-10 21:47:46,174 - INFO - Maintenance time. Try again later.
2024-12-10 21:47:46,660 - INFO - https://www.serv00.com/captcha/image/9b3d2112e4522701b01bb86a13f50892ca58f0ab/
2024-12-10 21:47:47,142 - INFO - 图片下载并保存成功!
2024-12-10 21:47:47,142 - INFO - dw790l8fezqvkn2
2024-12-10 21:47:47,165 - INFO - wr0490dxsj086em
2024-12-10 21:47:47,188 - INFO - uy0ewuxmucop3v1
2024-12-10 21:47:47,324 - INFO - ID
2024-12-10 21:47:48,680 - INFO - Invalid CAPTCHA
2024-12-10 21:47:49,120 - INFO - https://www.serv00.com/captcha/image/aec09f8072b11f6c53b9b3edcd43eb25e37ba36c/
2024-12-10 21:47:49,611 - INFO - 图片下载并保存成功!
2024-12-10 21:47:49,611 - INFO - kzczeobqinwhnxj
2024-12-10 21:47:49,633 - INFO - k4t9id20nxrm6zl
2024-12-10 21:47:49,651 - INFO - nemnot0q7lwl51v
2024-12-10 21:47:49,784 - INFO - GXTP
2024-12-10 21:47:56,152 - INFO - Maintenance time. Try again later.
2024-12-10 21:47:56,599 - INFO - https://www.serv00.com/captcha/image/f44ba9e67e3ef8eacae44ae50e038d903c36fabe/
2024-12-10 21:47:57,066 - INFO - 图片下载并保存成功!
2024-12-10 21:47:57,066 - INFO - 49hna2jxvgfie65
2024-12-10 21:47:57,091 - INFO - jjh0lw5h5f1sx64
2024-12-10 21:47:57,109 - INFO - q8fehu8fcuuwqc8
2024-12-10 21:47:57,276 - INFO - RXYW
2024-12-10 21:47:58,494 - INFO - Invalid CAPTCHA
2024-12-10 21:47:59,007 - INFO - https://www.serv00.com/captcha/image/6865f478b2f1fb412c334d4844946e816dd486f5/
2024-12-10 21:47:59,502 - INFO - 图片下载并保存成功!
2024-12-10 21:47:59,502 - INFO - i3fyv3o52yorwph
2024-12-10 21:47:59,523 - INFO - lqq6f1m58q7o7h2
2024-12-10 21:47:59,543 - INFO - grvkdsni4xyloyq
2024-12-10 21:47:59,679 - INFO - ZVWM
2024-12-10 21:48:06,466 - INFO - Maintenance time. Try again later.
2024-12-10 21:48:06,890 - INFO - https://www.serv00.com/captcha/image/4639fcd3b10a70e0f5c4aa628175e3e9cb8c785e/
2024-12-10 21:48:07,370 - INFO - 图片下载并保存成功!
2024-12-10 21:48:07,370 - INFO - mbvpqaoane2cn8g
2024-12-10 21:48:07,393 - INFO - zr3mm8j7m2y51ze
2024-12-10 21:48:07,414 - INFO - w4n5hoiu2ypacag
2024-12-10 21:48:07,578 - INFO - EXWK
2024-12-10 21:48:14,924 - INFO - Maintenance time. Try again later.
2024-12-10 21:48:15,471 - INFO - https://www.serv00.com/captcha/image/89e81b24cf12d71cd446e4c8d42d5631be66eb09/
2024-12-10 21:48:15,965 - INFO - 图片下载并保存成功!
2024-12-10 21:48:15,965 - INFO - fatwocg7aw5mpzk
2024-12-10 21:48:15,990 - INFO - rfgg0aeugjviond
2024-12-10 21:48:16,010 - INFO - q0ygcvlyevjfpk8
2024-12-10 21:48:16,186 - INFO - KHT
2024-12-10 21:48:17,471 - INFO - Invalid CAPTCHA
2024-12-10 21:48:17,906 - INFO - https://www.serv00.com/captcha/image/dd9458eaca4631e323d811847fe6bd18284ab3fc/
2024-12-10 21:48:18,386 - INFO - 图片下载并保存成功!
2024-12-10 21:48:18,386 - INFO - 01fd9l2dg1cw5oz
2024-12-10 21:48:18,409 - INFO - i1vaty1c9qcmz18
2024-12-10 21:48:18,428 - INFO - 6fpy82xu5qz1zs1
2024-12-10 21:48:18,569 - INFO - NIQK
2024-12-10 21:48:25,164 - INFO - Maintenance time. Try again later.
2024-12-10 21:48:25,620 - INFO - https://www.serv00.com/captcha/image/63078c0b36d65c7c20e6175fc6f66f54c99987a5/
2024-12-10 21:48:26,097 - INFO - 图片下载并保存成功!
2024-12-10 21:48:26,097 - INFO - cqpvgetusrmckdz
2024-12-10 21:48:26,124 - INFO - 5wat3b53za4tduj
2024-12-10 21:48:26,145 - INFO - 9nzwqr50vnyd8dr
2024-12-10 21:48:26,765 - INFO - NXMS
2024-12-10 21:48:33,150 - INFO - Maintenance time. Try again later.
2024-12-10 21:48:33,587 - INFO - https://www.serv00.com/captcha/image/370352cc73707b5bfbc29d04c096da0ac132ce16/
2024-12-10 21:48:34,068 - INFO - 图片下载并保存成功!
2024-12-10 21:48:34,068 - INFO - 0usmrmps4oyiju0
2024-12-10 21:48:34,092 - INFO - xli6xzzxnjb53ls
2024-12-10 21:48:34,111 - INFO - x90a60ozgsh6kmx
2024-12-10 21:48:34,239 - INFO - TZCE
2024-12-10 21:48:40,799 - INFO - Maintenance time. Try again later.
2024-12-10 21:48:41,395 - INFO - https://www.serv00.com/captcha/image/7038e6fdea9a863c866b502dc7d0a80d39131bf7/
2024-12-10 21:48:41,878 - INFO - 图片下载并保存成功!
2024-12-10 21:48:41,878 - INFO - zhbn7a23xdq7kef
2024-12-10 21:48:41,898 - INFO - xl6ocno454pbiel
2024-12-10 21:48:41,916 - INFO - 4e45427117bfuni
2024-12-10 21:48:42,036 - INFO - OYOP
2024-12-10 21:48:43,319 - INFO - Invalid CAPTCHA
2024-12-10 21:48:43,805 - INFO - https://www.serv00.com/captcha/image/33dffc0c193a9c49dbd4deaca342683c1704bff5/
2024-12-10 21:48:44,283 - INFO - 图片下载并保存成功!
2024-12-10 21:48:44,283 - INFO - fzygeo3fvubckmt
2024-12-10 21:48:44,307 - INFO - 1uif3vpnaa4g6jr
2024-12-10 21:48:44,330 - INFO - 23c9i2qv0kbfnmq
2024-12-10 21:48:44,824 - INFO - FDHA
2024-12-10 21:48:51,543 - INFO - Maintenance time. Try again later.
2024-12-10 21:48:52,024 - INFO - https://www.serv00.com/captcha/image/80064663376355448f6f844ef5c1d78a6d0e86f2/
2024-12-10 21:48:52,543 - INFO - 图片下载并保存成功!
2024-12-10 21:48:52,544 - INFO - xlnlbj7p7f2hqag
2024-12-10 21:48:52,573 - INFO - 4r3upqvchh1pisc
2024-12-10 21:48:52,601 - INFO - 7wh235y76hmf6r4
2024-12-10 21:48:52,896 - INFO - NNUR
2024-12-10 21:48:59,585 - INFO - Maintenance time. Try again later.
2024-12-10 21:49:00,080 - INFO - https://www.serv00.com/captcha/image/8805daf1ebaa8c2b39e3a1d82ea83130e591ea8d/
2024-12-10 21:49:00,646 - INFO - 图片下载并保存成功!
2024-12-10 21:49:00,646 - INFO - 9i7jv5619h2rofs
2024-12-10 21:49:00,669 - INFO - r8fpqcx4tqqqf9b
2024-12-10 21:49:00,689 - INFO - bggimq72y50p82c
2024-12-10 21:49:00,829 - INFO - XYGD
2024-12-10 21:49:07,899 - INFO - Maintenance time. Try again later.
2024-12-10 21:49:08,338 - INFO - https://www.serv00.com/captcha/image/c2152801ef120335282a2ab9b1624b413f341bc3/
2024-12-10 21:49:08,862 - INFO - 图片下载并保存成功!
2024-12-10 21:49:08,863 - INFO - dnizca7j1q6a8sn
2024-12-10 21:49:08,892 - INFO - q0a11763iiaj7ol
2024-12-10 21:49:08,942 - INFO - lwbnuinuvzilgzg
2024-12-10 21:49:09,299 - INFO - OZCF
2024-12-10 21:49:15,898 - INFO - Maintenance time. Try again later.
2024-12-10 21:49:16,340 - INFO - https://www.serv00.com/captcha/image/d5c65dbc9b06b6bfdd054c0ab336d4ac1986fcbb/
2024-12-10 21:49:16,806 - INFO - 图片下载并保存成功!
2024-12-10 21:49:16,806 - INFO - squt4q8mdm5f4j1
2024-12-10 21:49:16,828 - INFO - woq427jotve74zd
2024-12-10 21:49:16,849 - INFO - 7ib476bp61x2kik
2024-12-10 21:49:17,001 - INFO - DTSK
2024-12-10 21:49:23,888 - INFO - Maintenance time. Try again later.
2024-12-10 21:49:24,352 - INFO - https://www.serv00.com/captcha/image/80c52448eccfd94284313d8590196858f59ac78c/
2024-12-10 21:49:24,839 - INFO - 图片下载并保存成功!
2024-12-10 21:49:24,839 - INFO - qdwele72hwrdb3e
2024-12-10 21:49:24,887 - INFO - 5f1cuks51mco12k
2024-12-10 21:49:24,905 - INFO - fypv3zmsaunzngg
2024-12-10 21:49:25,050 - INFO - CNXC
2024-12-10 21:49:31,717 - INFO - Maintenance time. Try again later.
2024-12-10 21:49:32,176 - INFO - https://www.serv00.com/captcha/image/1783849ab30dffffc359b2b3dedc1d14ac096912/
2024-12-10 21:49:32,658 - INFO - 图片下载并保存成功!
2024-12-10 21:49:32,658 - INFO - pdh1pxvhpuma50f
2024-12-10 21:49:32,678 - INFO - xt8x430e175t2n7
2024-12-10 21:49:32,698 - INFO - ojvl4ns86bzgu64
2024-12-10 21:49:32,828 - INFO - KNWS
2024-12-10 21:49:39,471 - INFO - Maintenance time. Try again later.
2024-12-10 21:51:05,587 - INFO - https://www.serv00.com/captcha/image/0aaaa882ec8985ddb7a10d1362d411233b075e10/
2024-12-10 21:51:06,077 - INFO - 图片下载并保存成功!
2024-12-10 21:51:06,078 - INFO - r45bqyb1vukm6z0
2024-12-10 21:51:06,118 - INFO - wnvprsyla01b1ko
2024-12-10 21:51:06,178 - INFO - w9zlwb0s89siux7
2024-12-10 21:51:06,421 - INFO - DHPQ
2024-12-10 21:51:09,209 - INFO - Maintenance time. Try again later.
2024-12-10 21:51:09,623 - INFO - https://www.serv00.com/captcha/image/5ff5eae1af7646a6d8f69063b608a2fc448aec40/
2024-12-10 21:51:10,132 - INFO - 图片下载并保存成功!
2024-12-10 21:51:10,132 - INFO - xpkjfalwwunjzjq
2024-12-10 21:51:10,150 - INFO - chhcs612ps1m0db
2024-12-10 21:51:10,166 - INFO - xa62d3jd6lrkm7f
2024-12-10 21:51:10,340 - INFO - BTPC
2024-12-10 21:51:12,958 - INFO - Maintenance time. Try again later.
2024-12-10 21:51:13,457 - INFO - https://www.serv00.com/captcha/image/52925f9b380a0d3c622b3c7b1b6297af074372d2/
2024-12-10 21:51:13,955 - INFO - 图片下载并保存成功!
2024-12-10 21:51:13,955 - INFO - z6steawh8oyhcjn
2024-12-10 21:51:13,983 - INFO - r0r1h8qk6guuyy7
2024-12-10 21:51:14,000 - INFO - 7zrspkpe5u641va
2024-12-10 21:51:14,128 - INFO - YASL
2024-12-10 21:51:16,811 - INFO - Maintenance time. Try again later.
2024-12-10 21:51:17,250 - INFO - https://www.serv00.com/captcha/image/4060282d4cea42a70bdbb8644f3628efad3076fc/
2024-12-10 21:51:17,729 - INFO - 图片下载并保存成功!
2024-12-10 21:51:17,729 - INFO - wt85zplnstvcpkq
2024-12-10 21:51:17,747 - INFO - 6v23osbte88v15w
2024-12-10 21:51:17,762 - INFO - frapi1nyy0kt74u
2024-12-10 21:51:17,917 - INFO - ZPNW
2024-12-10 21:51:20,348 - INFO - Maintenance time. Try again later.
2024-12-10 21:51:20,763 - INFO - https://www.serv00.com/captcha/image/ac2a5c5ca27b8281a01bc52300cc9ef01bb01fab/
2024-12-10 21:51:21,239 - INFO - 图片下载并保存成功!
2024-12-10 21:51:21,239 - INFO - y8md7i4w751vkjo
2024-12-10 21:51:21,261 - INFO - 14phqek88pcb690
2024-12-10 21:51:21,276 - INFO - kqshl08q8ee08ro
2024-12-10 21:51:21,456 - INFO - CXFW
2024-12-10 21:51:24,056 - INFO - Maintenance time. Try again later.
2024-12-10 21:51:24,531 - INFO - https://www.serv00.com/captcha/image/c60921edf28d2b7e37d1f5bc44fec43779536dba/
2024-12-10 21:51:25,075 - INFO - 图片下载并保存成功!
2024-12-10 21:51:25,075 - INFO - uojwwiqfridjm11
2024-12-10 21:51:25,092 - INFO - 0mf0f1nvv0letml
2024-12-10 21:51:25,109 - INFO - o1ps7fub6e41wlk
2024-12-10 21:51:25,265 - INFO - ITH
2024-12-10 21:51:26,564 - INFO - Invalid CAPTCHA
2024-12-10 21:51:27,030 - INFO - https://www.serv00.com/captcha/image/da6183e463d2508b0ef9df10de66d3466608cf27/
2024-12-10 21:51:27,494 - INFO - 图片下载并保存成功!
2024-12-10 21:51:27,494 - INFO - a13e5g3rvtj5ukc
2024-12-10 21:51:27,513 - INFO - 9g66pp6bt4knswc
2024-12-10 21:51:27,528 - INFO - z7sqrd5od68e8oj
2024-12-10 21:51:27,683 - INFO - SDJA
2024-12-10 21:51:30,177 - INFO - Maintenance time. Try again later.
2024-12-10 21:51:30,641 - INFO - https://www.serv00.com/captcha/image/dd0c88831719cbbe44c12cc83900ab0c63c18b32/
2024-12-10 21:51:31,140 - INFO - 图片下载并保存成功!
2024-12-10 21:51:31,141 - INFO - azfjrvw2wsig0qn
2024-12-10 21:51:31,161 - INFO - 2u32xe4wgdy9b8i
2024-12-10 21:51:31,180 - INFO - nxzpg4ybvbajxcn
2024-12-10 21:51:31,307 - INFO - MFMF
2024-12-10 21:51:33,781 - INFO - Maintenance time. Try again later.
2024-12-10 21:51:34,217 - INFO - https://www.serv00.com/captcha/image/4eeabde6c74a249bafdbf600d025dde922296924/
2024-12-10 21:51:34,708 - INFO - 图片下载并保存成功!
2024-12-10 21:51:34,708 - INFO - 8nle5ikimk4wmhw
2024-12-10 21:51:34,727 - INFO - ixvgs6m8rxaqsu0
2024-12-10 21:51:34,744 - INFO - bzho0nr1amjvjvs
2024-12-10 21:51:34,891 - INFO - TSA
2024-12-10 21:51:36,430 - INFO - Invalid CAPTCHA
2024-12-10 21:51:36,873 - INFO - https://www.serv00.com/captcha/image/438abeb07295e63774384d4d6bcc8271e437bf02/
2024-12-10 21:51:37,378 - INFO - 图片下载并保存成功!
2024-12-10 21:51:37,378 - INFO - 5r3rucv5b2tvnq4
2024-12-10 21:51:37,397 - INFO - vlanuofhq70v4ji
2024-12-10 21:51:37,414 - INFO - exj0lufsfbvthql
2024-12-10 21:51:37,534 - INFO - MYEA
2024-12-10 21:51:39,963 - INFO - Maintenance time. Try again later.
2024-12-10 21:51:40,387 - INFO - https://www.serv00.com/captcha/image/59314d5ff534f60c2733b1e1981076588f6109bf/
2024-12-10 21:51:40,869 - INFO - 图片下载并保存成功!
2024-12-10 21:51:40,869 - INFO - v4qx75uvh8rhgik
2024-12-10 21:51:40,887 - INFO - iblvvdb08cgo38r
2024-12-10 21:51:40,902 - INFO - ivkb4w26cxetmkx
2024-12-10 21:51:41,023 - INFO - ZEYG
2024-12-10 21:51:43,546 - INFO - Maintenance time. Try again later.
2024-12-10 21:51:43,962 - INFO - https://www.serv00.com/captcha/image/f68eb4dda1dd8464ee47b3488b45105e65d2bac9/
2024-12-10 21:51:44,450 - INFO - 图片下载并保存成功!
2024-12-10 21:51:44,450 - INFO - 08tobfl14uo1ahc
2024-12-10 21:51:44,468 - INFO - 7kfwtch1i2uqsdj
2024-12-10 21:51:44,485 - INFO - momzgaiqdz9y6g0
2024-12-10 21:51:44,593 - INFO - MXP
2024-12-10 21:51:45,886 - INFO - Invalid CAPTCHA
2024-12-10 21:51:46,310 - INFO - https://www.serv00.com/captcha/image/79e364bdbf5123ca20b5c922d9f75136fccc9831/
2024-12-10 21:51:46,777 - INFO - 图片下载并保存成功!
2024-12-10 21:51:46,778 - INFO - iyv85u20cnhbhbn
2024-12-10 21:51:46,796 - INFO - wkeosqwe4v4ep84
2024-12-10 21:51:46,811 - INFO - f11r8t5s9bu4u65
2024-12-10 21:51:46,918 - INFO - LPOT
2024-12-10 21:51:49,335 - INFO - Maintenance time. Try again later.
2024-12-10 21:51:49,743 - INFO - https://www.serv00.com/captcha/image/63295570f6a3c2fc9781c3a5dcdbd504961f18d4/
2024-12-10 21:51:50,240 - INFO - 图片下载并保存成功!
2024-12-10 21:51:50,240 - INFO - ybbmseohiy3cc8h
2024-12-10 21:51:50,258 - INFO - n6423ao345x4ah2
2024-12-10 21:51:50,274 - INFO - 9x53j7o7n56dcif
2024-12-10 21:51:50,411 - INFO - PPMK
2024-12-10 21:51:52,589 - INFO - Maintenance time. Try again later.
2024-12-10 21:51:53,069 - INFO - https://www.serv00.com/captcha/image/b403dccac1fc2129d724837f39212717300c8407/
2024-12-10 21:51:53,563 - INFO - 图片下载并保存成功!
2024-12-10 21:51:53,563 - INFO - q3hbpb8gchsi66e
2024-12-10 21:51:53,583 - INFO - pyzrdlck1nemtxq
2024-12-10 21:51:53,601 - INFO - w6yeiz2410sf3mt
2024-12-10 21:51:53,753 - INFO - KAXD
2024-12-10 21:51:56,048 - INFO - Maintenance time. Try again later.
2024-12-10 21:51:56,461 - INFO - https://www.serv00.com/captcha/image/3548725b14924ad42e86a019ce112370b266f3e5/
2024-12-10 21:51:56,952 - INFO - 图片下载并保存成功!
2024-12-10 21:51:56,952 - INFO - 1clav2yf11a38c9
2024-12-10 21:51:56,970 - INFO - 3gc56qyyyltu327
2024-12-10 21:51:56,991 - INFO - 5hd3tp4k3gogl9a
2024-12-10 21:51:57,141 - INFO - RHMS
2024-12-10 21:51:59,548 - INFO - Maintenance time. Try again later.
2024-12-10 21:52:00,030 - INFO - https://www.serv00.com/captcha/image/b623963ceb603bf98561259acb9049d02589c6a8/
2024-12-10 21:52:00,591 - INFO - 图片下载并保存成功!
2024-12-10 21:52:00,591 - INFO - 83gl6wu9b0dpkws
2024-12-10 21:52:00,609 - INFO - cpp6t9979kjan26
2024-12-10 21:52:00,628 - INFO - vavr73a6sutlw7b
2024-12-10 21:52:00,736 - INFO - AYUM
2024-12-10 21:52:03,316 - INFO - Maintenance time. Try again later.
2024-12-10 21:52:03,800 - INFO - https://www.serv00.com/captcha/image/58ed84d748cb8bec9137ebf26f3f7089c76d1cd5/
2024-12-10 21:52:04,276 - INFO - 图片下载并保存成功!
2024-12-10 21:52:04,276 - INFO - zkm3d0ghvqnkrqg
2024-12-10 21:52:04,297 - INFO - pqd32bs5b6z36hp
2024-12-10 21:52:04,312 - INFO - swtzq1rv18ff7tc
2024-12-10 21:52:04,420 - INFO - MX
2024-12-10 21:52:05,571 - INFO - Invalid CAPTCHA
2024-12-10 21:52:06,017 - INFO - https://www.serv00.com/captcha/image/ab4c29190583f8025997ef627b45a88e38272bda/
2024-12-10 21:52:06,544 - INFO - 图片下载并保存成功!
2024-12-10 21:52:06,544 - INFO - 8vorwl6rnr9uow2
2024-12-10 21:52:06,563 - INFO - t257nfg60ivnuyk
2024-12-10 21:52:06,580 - INFO - 4cy7prizam3odf4
2024-12-10 21:52:06,685 - INFO - FOT
2024-12-10 21:52:07,744 - INFO - Invalid CAPTCHA
2024-12-10 21:52:08,168 - INFO - https://www.serv00.com/captcha/image/de4899f27f61ce89ba7dd04032fb598d68ebe609/
2024-12-10 21:52:08,645 - INFO - 图片下载并保存成功!
2024-12-10 21:52:08,645 - INFO - vlk01eqil9x52ey
2024-12-10 21:52:08,663 - INFO - r28ld4f9gfxsah4
2024-12-10 21:52:08,681 - INFO - h7923emu6yuph5p
2024-12-10 21:52:08,795 - INFO - SLQY
2024-12-10 21:52:10,494 - INFO - Invalid CAPTCHA
2024-12-10 21:52:10,950 - INFO - https://www.serv00.com/captcha/image/48ddd24426398347af775eb72b362013ad0592dc/
2024-12-10 21:52:11,445 - INFO - 图片下载并保存成功!
2024-12-10 21:52:11,446 - INFO - kbadc7kshwyua4j
2024-12-10 21:52:11,466 - INFO - 4idtrr9dqv70bk7
2024-12-10 21:52:11,482 - INFO - qr4z0kz57i8gbef
2024-12-10 21:52:11,588 - INFO - RHR
2024-12-10 21:52:13,066 - INFO - Invalid CAPTCHA
2024-12-10 21:52:13,513 - INFO - https://www.serv00.com/captcha/image/4ed1d1b7b3012006adc252f27d873a45fdff65f7/
2024-12-10 21:52:14,001 - INFO - 图片下载并保存成功!
2024-12-10 21:52:14,001 - INFO - i33unhk3lhs5jyi
2024-12-10 21:52:14,019 - INFO - 1yiudztf3ittk96
2024-12-10 21:52:14,034 - INFO - mrl50qme5cayxie
2024-12-10 21:52:14,141 - INFO - IZA
2024-12-10 21:52:15,692 - INFO - Invalid CAPTCHA
2024-12-10 21:52:16,121 - INFO - https://www.serv00.com/captcha/image/e11b1e87e80ad616b1d35866be527a99d6b9db59/
2024-12-10 21:52:16,588 - INFO - 图片下载并保存成功!
2024-12-10 21:52:16,588 - INFO - nmsiudv1ucbw42u
2024-12-10 21:52:16,606 - INFO - q6bkny79ti35sd9
2024-12-10 21:52:16,622 - INFO - t6hq9035t4rez1y
2024-12-10 21:52:16,752 - INFO - ERMQ
2024-12-10 21:52:18,252 - INFO - Invalid CAPTCHA
2024-12-10 21:52:18,701 - INFO - https://www.serv00.com/captcha/image/79f0917f01bea7d90ad7fa553a8ac842b829e701/
2024-12-10 21:52:19,196 - INFO - 图片下载并保存成功!
2024-12-10 21:52:19,196 - INFO - rnwcikawncbw1la
2024-12-10 21:52:19,215 - INFO - kmp9u6krk8cbw20
2024-12-10 21:52:19,232 - INFO - ap5awi87o02nhkk
2024-12-10 21:52:19,376 - INFO - TNTH
2024-12-10 21:52:21,930 - INFO - Maintenance time. Try again later.
2024-12-10 21:52:22,408 - INFO - https://www.serv00.com/captcha/image/39850e05fc005aeb7a2e08acf6d864227cf5811f/
2024-12-10 21:52:22,901 - INFO - 图片下载并保存成功!
2024-12-10 21:52:22,901 - INFO - 2xso5gurs9qgqfm
2024-12-10 21:52:22,920 - INFO - 2sf5rdfromaocpv
2024-12-10 21:52:22,937 - INFO - ojd2l35dkbfwhnl
2024-12-10 21:52:23,045 - INFO - ZDFX
2024-12-10 21:52:24,193 - INFO - Invalid CAPTCHA
2024-12-10 21:52:24,605 - INFO - https://www.serv00.com/captcha/image/51f2c33f551be3e73fc871b7edbbd86e081a61fc/
2024-12-10 21:52:25,171 - INFO - 图片下载并保存成功!
2024-12-10 21:52:25,171 - INFO - shnzarsrba2kbik
2024-12-10 21:52:25,189 - INFO - npz5dmags9b6vxn
2024-12-10 21:52:25,206 - INFO - 5nt67ipea24dte8
2024-12-10 21:52:25,328 - INFO - OAPW
2024-12-10 21:52:27,913 - INFO - Maintenance time. Try again later.
2024-12-10 21:52:28,361 - INFO - https://www.serv00.com/captcha/image/c745c04f07c9bcc960c6f47b1824efaca748b959/
2024-12-10 21:52:28,856 - INFO - 图片下载并保存成功!
2024-12-10 21:52:28,856 - INFO - 9pdyu3tskf02r0k
2024-12-10 21:52:28,877 - INFO - tdyhfb3013xzvav
2024-12-10 21:52:28,893 - INFO - mpd3mwd5yloy9bt
2024-12-10 21:52:29,082 - INFO - YYQF
2024-12-10 21:52:31,740 - INFO - Maintenance time. Try again later.
2024-12-10 21:52:32,847 - INFO - https://www.serv00.com/captcha/image/69387974c00f573614fb40da0cdb90e4251c1bb1/
2024-12-10 21:52:33,336 - INFO - 图片下载并保存成功!
2024-12-10 21:52:33,337 - INFO - 80bb37hwfe0lhpg
2024-12-10 21:52:33,356 - INFO - otne3snss7bjz4w
2024-12-10 21:52:33,373 - INFO - ms0c0ffv5v8b2d0
2024-12-10 21:52:33,499 - INFO - YWNE
2024-12-10 21:52:35,996 - INFO - Maintenance time. Try again later.
2024-12-10 21:52:36,516 - INFO - https://www.serv00.com/captcha/image/c22a8fdb91e988dfc394a5abdf3531edfe5030d0/
2024-12-10 21:52:36,993 - INFO - 图片下载并保存成功!
2024-12-10 21:52:36,993 - INFO - xundtyfbmzfpxwc
2024-12-10 21:52:37,015 - INFO - 1neazkrfzqlz33g
2024-12-10 21:52:37,031 - INFO - akttfiti4t7vh50
2024-12-10 21:52:37,137 - INFO - IGYB
2024-12-10 21:52:38,583 - INFO - Invalid CAPTCHA
2024-12-10 21:52:39,066 - INFO - https://www.serv00.com/captcha/image/5ddcec74c030ba576c31f58fcda6e9a316957f26/
2024-12-10 21:52:39,529 - INFO - 图片下载并保存成功!
2024-12-10 21:52:39,529 - INFO - zc02w3ggkj29ixe
2024-12-10 21:52:39,551 - INFO - za927sf6l83gefd
2024-12-10 21:52:39,568 - INFO - 07rz2hhhu74y4hw
2024-12-10 21:52:39,677 - INFO - FQRE
2024-12-10 21:52:41,064 - INFO - Invalid CAPTCHA
2024-12-10 21:52:41,534 - INFO - https://www.serv00.com/captcha/image/ca7d16c373af7fa286b0ff9b4c71b85c5d187692/
2024-12-10 21:52:42,025 - INFO - 图片下载并保存成功!
2024-12-10 21:52:42,025 - INFO - wsmc6z0nl9l5g08
2024-12-10 21:52:42,044 - INFO - yjl40le4dieplvi
2024-12-10 21:52:42,060 - INFO - wo6zsxrp72bwx7n
2024-12-10 21:52:42,171 - INFO - CQYN
2024-12-10 21:52:44,621 - INFO - Maintenance time. Try again later.
2024-12-10 21:52:45,171 - INFO - https://www.serv00.com/captcha/image/1386125170a28b766d56cf3a3b7174c0961e7635/
2024-12-10 21:52:45,707 - INFO - 图片下载并保存成功!
2024-12-10 21:52:45,707 - INFO - fj20x32btas7sge
2024-12-10 21:52:45,727 - INFO - 3q9qv99figxbr2e
2024-12-10 21:52:45,744 - INFO - cmuurbb92v7dhah
2024-12-10 21:52:45,867 - INFO - XXQ
2024-12-10 21:52:47,222 - INFO - Invalid CAPTCHA
2024-12-10 21:52:47,671 - INFO - https://www.serv00.com/captcha/image/28ef3f155d5daebefcfd84b1bf6879f0f501c6f7/
2024-12-10 21:52:48,159 - INFO - 图片下载并保存成功!
2024-12-10 21:52:48,160 - INFO - abjc517t9rjsalg
2024-12-10 21:52:48,178 - INFO - z6sq8u6nvq8e77m
2024-12-10 21:52:48,193 - INFO - p5rrv55mb9r1zsi
2024-12-10 21:52:48,302 - INFO - ASVB
2024-12-10 21:52:49,616 - INFO - Invalid CAPTCHA
2024-12-10 21:52:50,139 - INFO - https://www.serv00.com/captcha/image/aa27270e01bbfd9e0703f81dd8cbaa3296bf405c/
2024-12-10 21:52:50,628 - INFO - 图片下载并保存成功!
2024-12-10 21:52:50,628 - INFO - 5z8fr4rcndi2b7o
2024-12-10 21:52:50,647 - INFO - 9x4a229wbr1tqy1
2024-12-10 21:52:50,663 - INFO - n8mhc7zefysqupj
2024-12-10 21:52:50,781 - INFO - GGUR
2024-12-10 21:52:53,326 - INFO - Maintenance time. Try again later.
2024-12-10 21:52:53,774 - INFO - https://www.serv00.com/captcha/image/024344f99c1fe2eb12c295b8441b4eef80f22622/
2024-12-10 21:52:54,253 - INFO - 图片下载并保存成功!
2024-12-10 21:52:54,253 - INFO - s0hd78zy21bq4mt
2024-12-10 21:52:54,272 - INFO - rppq0f4mmc6gakk
2024-12-10 21:52:54,296 - INFO - 02s6bpf3venfi1q
2024-12-10 21:52:54,425 - INFO - MEG
2024-12-10 21:52:55,727 - INFO - Invalid CAPTCHA
2024-12-10 21:52:56,209 - INFO - https://www.serv00.com/captcha/image/c73aafbbcec1080604af24f789b83b01ec4567d9/
2024-12-10 21:52:56,686 - INFO - 图片下载并保存成功!
2024-12-10 21:52:56,686 - INFO - x37kjn2bh75nbp2
2024-12-10 21:52:56,705 - INFO - dji4g616zeygbl2
2024-12-10 21:52:56,722 - INFO - dpvwmnp2ympob3n
2024-12-10 21:52:56,851 - INFO - YGMB
2024-12-10 21:52:59,379 - INFO - Maintenance time. Try again later.
2024-12-10 21:52:59,809 - INFO - https://www.serv00.com/captcha/image/3c85a8723bd0b360bbfa370a6c263cf09cb5353f/
2024-12-10 21:53:00,395 - INFO - 图片下载并保存成功!
2024-12-10 21:53:00,395 - INFO - bqvas466pfe4cre
2024-12-10 21:53:00,415 - INFO - s9i5vi6wn05jfve
2024-12-10 21:53:00,431 - INFO - 2fpbsb39gjptgbn
2024-12-10 21:53:00,566 - INFO - LEFW
2024-12-10 21:53:01,878 - INFO - Invalid CAPTCHA
2024-12-10 21:53:02,351 - INFO - https://www.serv00.com/captcha/image/cfae2a30219ecbc3a81497810be0c6d2aeff223f/
2024-12-10 21:53:02,836 - INFO - 图片下载并保存成功!
2024-12-10 21:53:02,836 - INFO - n6hccz4gw2greuj
2024-12-10 21:53:02,854 - INFO - 3lx6357q89k2j8z
2024-12-10 21:53:02,870 - INFO - bcaxgirr6c5j4k4
2024-12-10 21:53:02,993 - INFO - LXC
2024-12-10 21:53:04,417 - INFO - Invalid CAPTCHA
2024-12-10 21:53:04,862 - INFO - https://www.serv00.com/captcha/image/39a17702c8104392fcaee4ebccfca268a0c1ab33/
2024-12-10 21:53:05,366 - INFO - 图片下载并保存成功!
2024-12-10 21:53:05,366 - INFO - 5i2umf09pm6budx
2024-12-10 21:53:05,384 - INFO - nsw6ozw442xtoy1
2024-12-10 21:53:05,400 - INFO - n1gdtwr8lek787d
2024-12-10 21:53:05,516 - INFO - PRXC
2024-12-10 21:53:12,228 - INFO - Maintenance time. Try again later.
2024-12-10 21:53:12,681 - INFO - https://www.serv00.com/captcha/image/7da0db3c52ce9bd533e0521fcca0d011546e09e4/
2024-12-10 21:53:13,147 - INFO - 图片下载并保存成功!
2024-12-10 21:53:13,147 - INFO - p8uknrk28mgy9s6
2024-12-10 21:53:13,174 - INFO - 7s7h539yns6okiv
2024-12-10 21:53:13,199 - INFO - plt6bnjf5k2bna0
2024-12-10 21:53:13,388 - INFO - GJUA
2024-12-10 21:53:19,714 - INFO - Maintenance time. Try again later.
2024-12-10 21:53:20,238 - INFO - https://www.serv00.com/captcha/image/6ca779a9791fea7e4da925fae52f4a51cf5830d9/
2024-12-10 21:53:20,701 - INFO - 图片下载并保存成功!
2024-12-10 21:53:20,701 - INFO - rv9q57jqeqenex9
2024-12-10 21:53:20,719 - INFO - siy66pnojuqmub6
2024-12-10 21:53:20,738 - INFO - 37hamzhiytlwkng
2024-12-10 21:53:20,910 - INFO - BTOZ
2024-12-10 21:53:27,223 - INFO - Maintenance time. Try again later.
2024-12-10 21:53:27,692 - INFO - https://www.serv00.com/captcha/image/f0b46fc922a5debd7648104b8fbd301fb9f2e11d/
2024-12-10 21:53:28,184 - INFO - 图片下载并保存成功!
2024-12-10 21:53:28,184 - INFO - 8etiyecmlvf21eg
2024-12-10 21:53:28,202 - INFO - 0pz4baamtyr2vai
2024-12-10 21:53:28,217 - INFO - bmbozaugmzhum34
2024-12-10 21:53:28,323 - INFO - HIA
2024-12-10 21:53:29,756 - INFO - Invalid CAPTCHA
2024-12-10 21:53:30,225 - INFO - https://www.serv00.com/captcha/image/9f5c61268b5467c6da55b46b2052475e42a19080/
2024-12-10 21:53:30,707 - INFO - 图片下载并保存成功!
2024-12-10 21:53:30,707 - INFO - mx41lkiuyupis97
2024-12-10 21:53:30,726 - INFO - jrb2qnt8tjzhmki
2024-12-10 21:53:30,744 - INFO - d058xcseqadhtks
2024-12-10 21:53:30,858 - INFO - UWMO
2024-12-10 21:53:37,189 - INFO - Maintenance time. Try again later.
2024-12-10 21:53:37,629 - INFO - https://www.serv00.com/captcha/image/60bbda77ee4516b63af8d91f3a9878cbcc970ef6/
2024-12-10 21:53:38,113 - INFO - 图片下载并保存成功!
2024-12-10 21:53:38,113 - INFO - l3yi13mr8p5g5ll
2024-12-10 21:53:38,131 - INFO - 0wdago8gqy84s85
2024-12-10 21:53:38,146 - INFO - c7sl0na9s8c4u2l
2024-12-10 21:53:38,251 - INFO - NYZF
2024-12-10 21:53:44,733 - INFO - Maintenance time. Try again later.
2024-12-10 21:53:45,366 - INFO - https://www.serv00.com/captcha/image/e900c49c2b04167876c719abaa63f6122f11e641/
2024-12-10 21:53:45,867 - INFO - 图片下载并保存成功!
2024-12-10 21:53:45,868 - INFO - i6j4hmzf8fpcabm
2024-12-10 21:53:45,885 - INFO - gf64v1zvkjb98ho
2024-12-10 21:53:45,901 - INFO - 41t3mho1th5agqu
2024-12-10 21:53:46,007 - INFO - RUSB
2024-12-10 21:53:52,340 - INFO - Maintenance time. Try again later.
2024-12-10 21:53:52,790 - INFO - https://www.serv00.com/captcha/image/d6f4acd72e783002c742645545edc09762c95566/
2024-12-10 21:53:53,250 - INFO - 图片下载并保存成功!
2024-12-10 21:53:53,251 - INFO - pz9rsr6lq3b3gay
2024-12-10 21:53:53,269 - INFO - s4yk7gtshm5kap8
2024-12-10 21:53:53,283 - INFO - 15xbwn8cp0uqs2f
2024-12-10 21:53:53,389 - INFO - DVOK
2024-12-10 21:54:00,045 - INFO - Maintenance time. Try again later.
2024-12-10 21:54:00,639 - INFO - https://www.serv00.com/captcha/image/e10f52651fae123cd0755121668e2c82727aefd2/
2024-12-10 21:54:01,216 - INFO - 图片下载并保存成功!
2024-12-10 21:54:01,216 - INFO - s1o60ckx09jw6dz
2024-12-10 21:54:01,234 - INFO - yco18g97jha3sdl
2024-12-10 21:54:01,251 - INFO - cdp768xg4hotxer
2024-12-10 21:54:01,357 - INFO - GFEZ
2024-12-10 21:54:07,984 - INFO - Maintenance time. Try again later.
2024-12-10 21:54:08,407 - INFO - https://www.serv00.com/captcha/image/a8271ef3b9a8f9b81e69c975fc5aedde2f7b31f3/
2024-12-10 21:54:08,872 - INFO - 图片下载并保存成功!
2024-12-10 21:54:08,872 - INFO - 043t2i8w1nfcd8l
2024-12-10 21:54:08,890 - INFO - 9b9bzohk9w1kt7m
2024-12-10 21:54:08,904 - INFO - qspvm9sd4mgqn2u
2024-12-10 21:54:09,010 - INFO - QLQN
2024-12-10 21:54:15,737 - INFO - Maintenance time. Try again later.
2024-12-10 21:54:16,156 - INFO - https://www.serv00.com/captcha/image/f58a5f7e2d7b8420e1be1b889381d799de37e099/
2024-12-10 21:54:16,878 - INFO - 图片下载并保存成功!
2024-12-10 21:54:16,879 - INFO - 7hqch7qbhgk6awb
2024-12-10 21:54:16,897 - INFO - 57ci1tv6q2ayb9h
2024-12-10 21:54:16,911 - INFO - lq54fz79e8bz81j
2024-12-10 21:54:17,019 - INFO - UWRP
2024-12-10 21:54:23,537 - INFO - Maintenance time. Try again later.
2024-12-10 21:54:23,999 - INFO - https://www.serv00.com/captcha/image/7937e47d439b27f3a2b83e3d4d7abd5824884fff/
2024-12-10 21:54:24,464 - INFO - 图片下载并保存成功!
2024-12-10 21:54:24,464 - INFO - jhfa55bjzr9bg0d
2024-12-10 21:54:24,483 - INFO - ueanolghal6f9go
2024-12-10 21:54:24,498 - INFO - b1sfaa939x8he02
2024-12-10 21:54:24,628 - INFO - HQGT
2024-12-10 21:54:31,286 - INFO - Maintenance time. Try again later.
2024-12-10 21:54:31,712 - INFO - https://www.serv00.com/captcha/image/de1b5e7dcd63482dc1f9669b4263bffa41859b56/
2024-12-10 21:54:32,210 - INFO - 图片下载并保存成功!
2024-12-10 21:54:32,210 - INFO - oljl1x00ymidewn
2024-12-10 21:54:32,229 - INFO - ia8cm673i62f9zl
2024-12-10 21:54:32,246 - INFO - sbj9vqwsvcd17ar
2024-12-10 21:54:32,363 - INFO - DWQK
2024-12-10 21:54:33,741 - INFO - Invalid CAPTCHA
2024-12-10 21:54:34,237 - INFO - https://www.serv00.com/captcha/image/bbce011e259c138a01b365d3c121b57427798894/
2024-12-10 21:54:34,703 - INFO - 图片下载并保存成功!
2024-12-10 21:54:34,703 - INFO - nfj7e497ip5od1i
2024-12-10 21:54:34,730 - INFO - 83i88yn41xdgafh
2024-12-10 21:54:34,751 - INFO - jdrjzh96a4h7w4w
2024-12-10 21:54:34,885 - INFO - BVUZ
2024-12-10 21:54:41,216 - INFO - Maintenance time. Try again later.
2024-12-10 21:54:41,670 - INFO - https://www.serv00.com/captcha/image/cbe43dcbade8f20df4854c314999a19fb22d45d1/
2024-12-10 21:54:42,146 - INFO - 图片下载并保存成功!
2024-12-10 21:54:42,146 - INFO - 0sds234et04qja2
2024-12-10 21:54:42,165 - INFO - 050o9pczpxumks9
2024-12-10 21:54:42,182 - INFO - e3e4rh669frtryd
2024-12-10 21:54:42,293 - INFO - ARWH
2024-12-10 21:54:48,622 - INFO - Maintenance time. Try again later.
2024-12-10 21:54:49,069 - INFO - https://www.serv00.com/captcha/image/21aad7ffd425d1bbe25d1346df45d73e63646d0b/
2024-12-10 21:54:49,543 - INFO - 图片下载并保存成功!
2024-12-10 21:54:49,544 - INFO - 1lhw56yp8lps1ba
2024-12-10 21:54:49,562 - INFO - obpzs8po7kt4w2n
2024-12-10 21:54:49,577 - INFO - oeaansgffe4atyv
2024-12-10 21:54:49,684 - INFO - UPKC
2024-12-10 21:54:55,988 - INFO - Maintenance time. Try again later.
2024-12-10 21:54:56,469 - INFO - https://www.serv00.com/captcha/image/add268703b11e5c448bd39c52c3e8423513af1fc/
2024-12-10 21:54:56,962 - INFO - 图片下载并保存成功!
2024-12-10 21:54:56,962 - INFO - jz18ehz33f1y95c
2024-12-10 21:54:56,982 - INFO - n9ctlbumty02yes
2024-12-10 21:54:56,998 - INFO - kq1495k0rytjc28
2024-12-10 21:54:57,118 - INFO - QLK
2024-12-10 21:54:58,364 - INFO - Invalid CAPTCHA
2024-12-10 21:54:58,819 - INFO - https://www.serv00.com/captcha/image/8feacd5c1febefbfe8a83b7d9588df823f495d42/
2024-12-10 21:54:59,294 - INFO - 图片下载并保存成功!
2024-12-10 21:54:59,295 - INFO - pie4ksr44zhkam2
2024-12-10 21:54:59,314 - INFO - 3xltowszem6oyg8
2024-12-10 21:54:59,330 - INFO - cho2jiw7ayx6jf3
2024-12-10 21:54:59,442 - INFO - LZBW
2024-12-10 21:55:08,347 - INFO - Maintenance time. Try again later.
2024-12-10 21:55:08,811 - INFO - https://www.serv00.com/captcha/image/8e5d44b6fe18b959a33092fb112ab947e7e00562/
2024-12-10 21:55:09,292 - INFO - 图片下载并保存成功!
2024-12-10 21:55:09,292 - INFO - hgeb8czno6dqahb
2024-12-10 21:55:09,313 - INFO - k866uia3ddyaahx
2024-12-10 21:55:09,331 - INFO - zb4h26w8mxn5ztk
2024-12-10 21:55:09,437 - INFO - QEVN
2024-12-10 21:55:15,821 - INFO - Maintenance time. Try again later.
2024-12-10 21:55:16,245 - INFO - https://www.serv00.com/captcha/image/0b7fe6967853cc75493c918918c88497a8886b01/
2024-12-10 21:55:16,730 - INFO - 图片下载并保存成功!
2024-12-10 21:55:16,731 - INFO - 35rfn2f6phn3oo2
2024-12-10 21:55:16,748 - INFO - tl0wtnjzf6562e0
2024-12-10 21:55:16,765 - INFO - twye8utxbz4bhvl
2024-12-10 21:55:16,880 - INFO - MBZX
2024-12-10 21:55:23,779 - INFO - Maintenance time. Try again later.
2024-12-10 21:55:24,202 - INFO - https://www.serv00.com/captcha/image/80f02f9744c04e46674285d2459f97db22fd040e/
2024-12-10 21:55:24,695 - INFO - 图片下载并保存成功!
2024-12-10 21:55:24,695 - INFO - j1zbobrvqvblq2o
2024-12-10 21:55:24,713 - INFO - t4chhfhih44uxqp
2024-12-10 21:55:24,729 - INFO - vj5gxxs264yjsu6
2024-12-10 21:55:24,828 - INFO - 
2024-12-10 21:55:26,167 - INFO - This field is required.
2024-12-10 21:56:52,276 - INFO - https://www.serv00.com/captcha/image/f9c4eab71deee801423d3d041a16eedc3a26b575/
2024-12-10 21:56:52,658 - INFO - 图片下载并保存成功!
2024-12-10 21:56:52,658 - INFO - kov7dcx33kttn6j
2024-12-10 21:56:52,687 - INFO - gch3oqjy7rsb62y
2024-12-10 21:56:52,720 - INFO - k5q9vh5ce7052p6
2024-12-10 21:56:53,365 - INFO - KTT
2024-12-10 21:56:54,954 - INFO - Invalid CAPTCHA
2024-12-10 21:56:55,375 - INFO - https://www.serv00.com/captcha/image/c18b24ca48744a6e262e8bf9c759505a6bf74b23/
2024-12-10 21:56:55,787 - INFO - 图片下载并保存成功!
2024-12-10 21:56:55,787 - INFO - enbi9oipsxumfzj
2024-12-10 21:56:55,821 - INFO - 5tvi5e0u4g15b08
2024-12-10 21:56:55,856 - INFO - tsjby2oveb8j937
2024-12-10 21:56:56,304 - INFO - OPDR
2024-12-10 21:56:59,133 - INFO - Maintenance time. Try again later.
2024-12-10 21:56:59,865 - INFO - https://www.serv00.com/captcha/image/314c2c48c73bc81e20e1c7f4b524d9972f3892a9/
2024-12-10 21:57:00,400 - INFO - 图片下载并保存成功!
2024-12-10 21:57:00,401 - INFO - b8jph9bsvp0pku7
2024-12-10 21:57:00,492 - INFO - m0yschkyq9031ea
2024-12-10 21:57:00,555 - INFO - 6urvmz8j68mkl91
2024-12-10 21:57:01,033 - INFO - VVFS
2024-12-10 21:57:07,873 - INFO - Maintenance time. Try again later.
2024-12-10 21:57:08,489 - INFO - https://www.serv00.com/captcha/image/eace34d14f5eb0f737008bc0f82d87c1ec3ea2df/
2024-12-10 21:57:08,889 - INFO - 图片下载并保存成功!
2024-12-10 21:57:08,889 - INFO - ogd6b616f26n22t
2024-12-10 21:57:08,928 - INFO - o82qlsw56s0qsd5
2024-12-10 21:57:08,967 - INFO - lti3bpg58h1n4uw
2024-12-10 21:57:09,168 - INFO - VVTN
2024-12-10 21:57:15,929 - INFO - Maintenance time. Try again later.
2024-12-10 21:57:16,327 - INFO - https://www.serv00.com/captcha/image/49702473766ed3e25e23a00cce44504dec02181a/
2024-12-10 21:57:16,738 - INFO - 图片下载并保存成功!
2024-12-10 21:57:16,738 - INFO - p6c1lnhvxzkdtox
2024-12-10 21:57:16,767 - INFO - fzddl06e0ow5mld
2024-12-10 21:57:16,794 - INFO - u9pou2lp4y7tha1
2024-12-10 21:57:17,014 - INFO - BFQE
2024-12-10 21:57:18,215 - INFO - Invalid CAPTCHA
2024-12-10 21:57:18,612 - INFO - https://www.serv00.com/captcha/image/82fa6db6e64b6d4c3c158146b6689883259112cc/
2024-12-10 21:57:19,065 - INFO - 图片下载并保存成功!
2024-12-10 21:57:19,066 - INFO - 249vmgyqq3lq9xv
2024-12-10 21:57:19,091 - INFO - klgce7h24781j15
2024-12-10 21:57:19,117 - INFO - rv8zl3aqj8vr9mz
2024-12-10 21:57:19,332 - INFO - WZKO
2024-12-10 21:57:25,937 - INFO - Maintenance time. Try again later.
2024-12-10 21:57:26,300 - INFO - https://www.serv00.com/captcha/image/4bc73f1f44fc2f099490046a7622dcc9d5ee0017/
2024-12-10 21:57:26,675 - INFO - 图片下载并保存成功!
2024-12-10 21:57:26,675 - INFO - szhtdr7lhpvgb7n
2024-12-10 21:57:26,705 - INFO - 98ce0miudfvq165
2024-12-10 21:57:26,731 - INFO - d1vrjkcuylnnza6
2024-12-10 21:57:26,905 - INFO - PSFQ
2024-12-10 21:57:33,302 - INFO - Maintenance time. Try again later.
2024-12-10 21:57:33,711 - INFO - https://www.serv00.com/captcha/image/5785eeadd5a584b14750a0944ec7f3952521882c/
2024-12-10 21:57:34,104 - INFO - 图片下载并保存成功!
2024-12-10 21:57:34,104 - INFO - tbjzm98ey7p5g3j
2024-12-10 21:57:34,127 - INFO - atfdy86kszfffdc
2024-12-10 21:57:34,148 - INFO - 7qaqr5bwibunjo1
2024-12-10 21:57:34,288 - INFO - GJDS
2024-12-10 21:57:40,636 - INFO - Maintenance time. Try again later.
2024-12-10 21:57:41,040 - INFO - https://www.serv00.com/captcha/image/c07aa8cc19a01cdbcb7b38fc8b6666db1d2ebb91/
2024-12-10 21:57:41,455 - INFO - 图片下载并保存成功!
2024-12-10 21:57:41,455 - INFO - k950hxq9zeauf2x
2024-12-10 21:57:41,478 - INFO - vrs6wz0563jqgpk
2024-12-10 21:57:41,500 - INFO - 02ce9uplv2ibyd4
2024-12-10 21:57:41,658 - INFO - BKN
2024-12-10 21:57:42,859 - INFO - Invalid CAPTCHA
2024-12-10 21:57:43,292 - INFO - https://www.serv00.com/captcha/image/d7760fc4f3183eaacf220aff86b0f94df9c032b0/
2024-12-10 21:57:43,664 - INFO - 图片下载并保存成功!
2024-12-10 21:57:43,664 - INFO - kwudpzkjgy0xnws
2024-12-10 21:57:43,686 - INFO - 2f0ldjvk8mewsb9
2024-12-10 21:57:43,706 - INFO - pdn20xqnb9ecfho
2024-12-10 21:57:43,885 - INFO - DFQP
2024-12-10 21:57:50,457 - INFO - Maintenance time. Try again later.
2024-12-10 21:57:50,844 - INFO - https://www.serv00.com/captcha/image/fa60d005b8433597b26b659be78b5515f11c240e/
2024-12-10 21:57:51,238 - INFO - 图片下载并保存成功!
2024-12-10 21:57:51,238 - INFO - kfm8q3vk59elsek
2024-12-10 21:57:51,267 - INFO - ip5sosobyt4q1wu
2024-12-10 21:57:51,291 - INFO - 4n4a9ywgorr2y9t
2024-12-10 21:57:51,527 - INFO - NNX
2024-12-10 21:57:52,786 - INFO - Invalid CAPTCHA
2024-12-10 21:57:53,184 - INFO - https://www.serv00.com/captcha/image/e28e12f71d180c6ef98ab0b6337c9073657e022d/
2024-12-10 21:57:53,573 - INFO - 图片下载并保存成功!
2024-12-10 21:57:53,573 - INFO - izrkg87m33ulbxk
2024-12-10 21:57:53,600 - INFO - 8m6xpe9kpdmfqer
2024-12-10 21:57:53,627 - INFO - sigyl5r0do6bqeb
2024-12-10 21:57:53,800 - INFO - WLDP
2024-12-10 21:57:56,432 - INFO - Maintenance time. Try again later.
2024-12-10 21:57:56,849 - INFO - https://www.serv00.com/captcha/image/1d1685e23cf83222051e1e9d544558a34ad920c8/
2024-12-10 21:57:57,226 - INFO - 图片下载并保存成功!
2024-12-10 21:57:57,226 - INFO - gv34bir02v203zw
2024-12-10 21:57:57,254 - INFO - 2ay4psakja9zxum
2024-12-10 21:57:57,292 - INFO - lwvsci19bue3szv
2024-12-10 21:57:57,450 - INFO - APGE
2024-12-10 21:58:00,217 - INFO - Maintenance time. Try again later.
2024-12-10 21:58:00,800 - INFO - https://www.serv00.com/captcha/image/9a456a5d850efb346fb3df235d6b79aa55228a5b/
2024-12-10 21:58:01,239 - INFO - 图片下载并保存成功!
2024-12-10 21:58:01,240 - INFO - 4zokl3phch03nt3
2024-12-10 21:58:01,265 - INFO - fs5ovd5ssevxoxs
2024-12-10 21:58:01,290 - INFO - 9kkytfa15igkosa
2024-12-10 21:58:01,445 - INFO - RAPS
2024-12-10 21:58:03,879 - INFO - Maintenance time. Try again later.
2024-12-10 21:58:04,417 - INFO - https://www.serv00.com/captcha/image/a634256b8cb9f96fc0f82e82188383bd60b467b4/
2024-12-10 21:58:04,796 - INFO - 图片下载并保存成功!
2024-12-10 21:58:04,796 - INFO - 9nvil1bq5rxuq4a
2024-12-10 21:58:04,824 - INFO - lngixp4wp0264z8
2024-12-10 21:58:04,848 - INFO - vnad2gn5g5ejnlu
2024-12-10 21:58:05,057 - INFO - GWBG
2024-12-10 21:58:07,632 - INFO - Maintenance time. Try again later.
2024-12-10 21:58:08,153 - INFO - https://www.serv00.com/captcha/image/9f9f16bfba13173e07fdb39aea3e4e986bb8e2eb/
2024-12-10 21:58:08,562 - INFO - 图片下载并保存成功!
2024-12-10 21:58:08,562 - INFO - aj01obbwu4fit95
2024-12-10 21:58:08,596 - INFO - 6q2xn0szg9umeyb
2024-12-10 21:58:08,624 - INFO - z6g5ff4x2eoobj8
2024-12-10 21:58:08,836 - INFO - XBD
2024-12-10 21:58:10,037 - INFO - Invalid CAPTCHA
2024-12-10 21:58:10,457 - INFO - https://www.serv00.com/captcha/image/9c3e05fabc01712791e52ca266de9d3841069150/
2024-12-10 21:58:10,836 - INFO - 图片下载并保存成功!
2024-12-10 21:58:10,837 - INFO - 42jltbfljalbxql
2024-12-10 21:58:10,865 - INFO - gwdl8k5jfqmd112
2024-12-10 21:58:10,893 - INFO - vvx3g135un4q20q
2024-12-10 21:58:11,122 - INFO - ZANX
2024-12-10 21:58:13,551 - INFO - Maintenance time. Try again later.
2024-12-10 21:58:13,989 - INFO - https://www.serv00.com/captcha/image/d3e606d3017dbd9d3568f5f68954a5d2eec695e2/
2024-12-10 21:58:14,442 - INFO - 图片下载并保存成功!
2024-12-10 21:58:14,442 - INFO - ym4kwbydp8ctwnp
2024-12-10 21:58:14,473 - INFO - rcuyvwn9sofcqq3
2024-12-10 21:58:14,503 - INFO - z2a5esgkuxstloi
2024-12-10 21:58:14,731 - INFO - ZVTO
2024-12-10 21:58:17,273 - INFO - Maintenance time. Try again later.
2024-12-10 21:58:17,690 - INFO - https://www.serv00.com/captcha/image/9ff1304ea5df08a61b1f0ddabf1b7e489218274c/
2024-12-10 21:58:18,068 - INFO - 图片下载并保存成功!
2024-12-10 21:58:18,068 - INFO - q08fmksxd5b70yk
2024-12-10 21:58:18,100 - INFO - gsqtpjremx7i20b
2024-12-10 21:58:18,124 - INFO - 6qrkndpanrkjhpd
2024-12-10 21:58:18,282 - INFO - JGHT
2024-12-10 21:58:19,681 - INFO - Invalid CAPTCHA
2024-12-10 21:58:20,111 - INFO - https://www.serv00.com/captcha/image/140407e166d4cba90018c42aabd86abc66ffeb37/
2024-12-10 21:58:20,492 - INFO - 图片下载并保存成功!
2024-12-10 21:58:20,492 - INFO - h4ewxv6lcq2hj3g
2024-12-10 21:58:20,526 - INFO - x1rrylwyje3s6u0
2024-12-10 21:58:20,554 - INFO - entj0jlejg5a8l9
2024-12-10 21:58:20,782 - INFO - VVWO
2024-12-10 21:58:23,542 - INFO - Maintenance time. Try again later.
2024-12-10 21:58:23,910 - INFO - https://www.serv00.com/captcha/image/864c4130f342ca0ea8cfd40bac5451030ee1308e/
2024-12-10 21:58:24,295 - INFO - 图片下载并保存成功!
2024-12-10 21:58:24,295 - INFO - bd0krg1z0pi5007
2024-12-10 21:58:24,324 - INFO - 93dy8bh3p8adw3h
2024-12-10 21:58:24,351 - INFO - uouevcnv8unyhfw
2024-12-10 21:58:24,528 - INFO - TOCQ
2024-12-10 21:58:25,932 - INFO - Invalid CAPTCHA
2024-12-10 21:58:26,293 - INFO - https://www.serv00.com/captcha/image/845957c61867204651ba5760aaf5117ae12d1000/
2024-12-10 21:58:26,663 - INFO - 图片下载并保存成功!
2024-12-10 21:58:26,663 - INFO - m3f1vpxu7xuwfrt
2024-12-10 21:58:26,685 - INFO - deuq3jo1uaih5fi
2024-12-10 21:58:26,706 - INFO - sl5u3z5y12ktjl7
2024-12-10 21:58:26,862 - INFO - VAAF
2024-12-10 21:58:29,474 - INFO - Maintenance time. Try again later.
2024-12-10 21:58:29,883 - INFO - https://www.serv00.com/captcha/image/4421f8fa0f55a35187215b50be08e417df37223b/
2024-12-10 21:58:30,270 - INFO - 图片下载并保存成功!
2024-12-10 21:58:30,270 - INFO - 8otqy4qmf7rnwn5
2024-12-10 21:58:30,296 - INFO - 9ctdss7ysst2f8x
2024-12-10 21:58:30,323 - INFO - ayy7ls2gufjm6fo
2024-12-10 21:58:30,490 - INFO - HLHQ
2024-12-10 21:58:33,117 - INFO - Maintenance time. Try again later.
2024-12-10 21:58:33,482 - INFO - https://www.serv00.com/captcha/image/21384d0fef0077eb141d9c83562d203c39f4ad0a/
2024-12-10 21:58:33,897 - INFO - 图片下载并保存成功!
2024-12-10 21:58:33,897 - INFO - bbm7vtqu0cgi5us
2024-12-10 21:58:33,921 - INFO - zejmms1do9ftasb
2024-12-10 21:58:33,944 - INFO - c652z76u44105kg
2024-12-10 21:58:34,193 - INFO - RPS
2024-12-10 21:58:35,532 - INFO - Invalid CAPTCHA
2024-12-10 21:58:35,899 - INFO - https://www.serv00.com/captcha/image/015faad35b3337dd6a6530f96d9a840a3e5f0e27/
2024-12-10 21:58:36,285 - INFO - 图片下载并保存成功!
2024-12-10 21:58:36,285 - INFO - fzfas4ux0aggdij
2024-12-10 21:58:36,314 - INFO - mbsw7pyqsksh5ql
2024-12-10 21:58:36,342 - INFO - l14wjf4601aootx
2024-12-10 21:58:36,615 - INFO - ESZC
2024-12-10 21:58:39,285 - INFO - Maintenance time. Try again later.
2024-12-10 21:58:39,741 - INFO - https://www.serv00.com/captcha/image/a901a10cb30d02b597e3276af89e9760efef3e05/
2024-12-10 21:58:40,119 - INFO - 图片下载并保存成功!
2024-12-10 21:58:40,119 - INFO - 71jgtr7goqymig7
2024-12-10 21:58:40,145 - INFO - kezc3kj1uuzjvjd
2024-12-10 21:58:40,166 - INFO - z1w0zls4lp4nqqg
2024-12-10 21:58:40,367 - INFO - WPAU
2024-12-10 21:58:43,042 - INFO - Maintenance time. Try again later.
2024-12-10 21:58:43,567 - INFO - https://www.serv00.com/captcha/image/a3791f4bc791b0f4336d911db5f66129580ee30a/
2024-12-10 21:58:44,100 - INFO - 图片下载并保存成功!
2024-12-10 21:58:44,101 - INFO - j747vz70tqoz2uv
2024-12-10 21:58:44,150 - INFO - 6r28fbcuvzic3oa
2024-12-10 21:58:44,185 - INFO - bc39ukqq3xyt8hu
2024-12-10 21:58:44,414 - INFO - CSSK
2024-12-10 21:58:47,198 - INFO - Maintenance time. Try again later.
2024-12-10 21:58:47,623 - INFO - https://www.serv00.com/captcha/image/4039dfbecfa14d4164ba1d83af8871420d6e2e57/
2024-12-10 21:58:48,046 - INFO - 图片下载并保存成功!
2024-12-10 21:58:48,046 - INFO - 5agi1zut2zwbotl
2024-12-10 21:58:48,073 - INFO - o3495t2ynb7099c
2024-12-10 21:58:48,099 - INFO - zah6fgw6jaxqjjn
2024-12-10 21:58:48,278 - INFO - BBGG
2024-12-10 21:58:50,860 - INFO - Maintenance time. Try again later.
2024-12-10 21:58:51,261 - INFO - https://www.serv00.com/captcha/image/a2badcca234719403c6ac0f7a0c18fc6799066da/
2024-12-10 21:58:51,688 - INFO - 图片下载并保存成功!
2024-12-10 21:58:51,688 - INFO - saiqft070kc4pp4
2024-12-10 21:58:51,744 - INFO - uy7eitso3xc6ks6
2024-12-10 21:58:51,769 - INFO - 99h8vpb281kvh7g
2024-12-10 21:58:52,350 - INFO - KPU
2024-12-10 21:58:53,660 - INFO - Invalid CAPTCHA
2024-12-10 21:58:54,049 - INFO - https://www.serv00.com/captcha/image/f3fe113b91bacbdd268ef187ec700b34bf077cdb/
2024-12-10 21:58:54,513 - INFO - 图片下载并保存成功!
2024-12-10 21:58:54,514 - INFO - 39yzz86vg4p2cga
2024-12-10 21:58:54,546 - INFO - kk187qkfl5ybfmi
2024-12-10 21:58:54,575 - INFO - vm0x689xggdmu8u
2024-12-10 21:58:54,755 - INFO - QXDY
2024-12-10 21:59:01,276 - INFO - Maintenance time. Try again later.
2024-12-10 21:59:01,680 - INFO - https://www.serv00.com/captcha/image/f4a61308ca3523188711de17e4f5b93ac8192b8e/
2024-12-10 21:59:02,062 - INFO - 图片下载并保存成功!
2024-12-10 21:59:02,062 - INFO - 1jgtlehj86bfsac
2024-12-10 21:59:02,082 - INFO - 4m5uzmtckzgnpop
2024-12-10 21:59:02,100 - INFO - ghz4jbs9shor5x1
2024-12-10 21:59:02,237 - INFO - FNWF
2024-12-10 21:59:09,078 - INFO - Maintenance time. Try again later.
2024-12-10 21:59:09,588 - INFO - https://www.serv00.com/captcha/image/30a41a371f19a6e159331b93236dee90a11b94e0/
2024-12-10 21:59:09,968 - INFO - 图片下载并保存成功!
2024-12-10 21:59:09,968 - INFO - 5jjoamhd0b11jbp
2024-12-10 21:59:09,988 - INFO - lgmf5wk4ntk8d4v
2024-12-10 21:59:10,010 - INFO - wqfr3cyd8kzah0n
2024-12-10 21:59:10,133 - INFO - PXQD
2024-12-10 21:59:16,611 - INFO - Maintenance time. Try again later.
2024-12-10 21:59:17,061 - INFO - https://www.serv00.com/captcha/image/e8f030ea348b3c357dd03071e8a189dff88d64d1/
2024-12-10 21:59:17,438 - INFO - 图片下载并保存成功!
2024-12-10 21:59:17,438 - INFO - dj92fbkdubup8vv
2024-12-10 21:59:17,456 - INFO - 6lvzc98j9zi6rn3
2024-12-10 21:59:17,472 - INFO - 8gysqwmpbhpjm8m
2024-12-10 21:59:17,596 - INFO - UQEP
2024-12-10 21:59:24,373 - INFO - Maintenance time. Try again later.
2024-12-10 21:59:24,724 - INFO - https://www.serv00.com/captcha/image/074620aecd99e9c22f8122fd6a604e6a936143b8/
2024-12-10 21:59:25,103 - INFO - 图片下载并保存成功!
2024-12-10 21:59:25,103 - INFO - jhg6xxrmxoo9bpo
2024-12-10 21:59:25,121 - INFO - 1pgolf00mxu012b
2024-12-10 21:59:25,138 - INFO - a55xiaryw3br0ou
2024-12-10 21:59:25,277 - INFO - ICRE
2024-12-10 21:59:31,710 - INFO - Maintenance time. Try again later.
2024-12-10 21:59:32,195 - INFO - https://www.serv00.com/captcha/image/d55fbf25fa34dc235378f3cc964de0010208ff3b/
2024-12-10 21:59:32,584 - INFO - 图片下载并保存成功!
2024-12-10 21:59:32,584 - INFO - 7h3o5x7eyxcit9x
2024-12-10 21:59:32,605 - INFO - c3z45d8xsz9b09m
2024-12-10 21:59:32,626 - INFO - iyc6k7fcj7i5e0a
2024-12-10 21:59:32,818 - INFO - NQCX
2024-12-10 21:59:33,991 - INFO - Invalid CAPTCHA
2024-12-10 21:59:34,430 - INFO - https://www.serv00.com/captcha/image/0106b5f1e6178c7470d9a483c219a37622beec8e/
2024-12-10 21:59:34,815 - INFO - 图片下载并保存成功!
2024-12-10 21:59:34,815 - INFO - 4rx7iu02tzgd0tn
2024-12-10 21:59:34,837 - INFO - vtld72h0ixuqt46
2024-12-10 21:59:34,856 - INFO - kaguicvj18xgfw1
2024-12-10 21:59:34,984 - INFO - OXOH
2024-12-10 21:59:41,410 - INFO - Maintenance time. Try again later.
2024-12-10 21:59:41,832 - INFO - https://www.serv00.com/captcha/image/279b0de39897dc6cb3121476292b88cd22ccd570/
2024-12-10 21:59:42,208 - INFO - 图片下载并保存成功!
2024-12-10 21:59:42,208 - INFO - y2fr5unq9yx8eld
2024-12-10 21:59:42,229 - INFO - 7xixvm9z51gpx5a
2024-12-10 21:59:42,250 - INFO - f7jl4aqzzba8s78
2024-12-10 21:59:42,431 - INFO - IOLV
2024-12-10 21:59:44,009 - INFO - Invalid CAPTCHA
2024-12-10 21:59:44,434 - INFO - https://www.serv00.com/captcha/image/71656c4d69ee0e5a2a7e0b1aa6bee1fb67093ed6/
2024-12-10 21:59:44,810 - INFO - 图片下载并保存成功!
2024-12-10 21:59:44,810 - INFO - n86fyi4223inebj
2024-12-10 21:59:44,837 - INFO - ry3owvx4tg7tnjr
2024-12-10 21:59:44,860 - INFO - kz8fh6k3d4706hi
2024-12-10 21:59:45,040 - INFO - RMHP
2024-12-10 21:59:51,620 - INFO - Maintenance time. Try again later.
2024-12-10 21:59:52,006 - INFO - https://www.serv00.com/captcha/image/eef325d35ac121537764ba9470c6052d8ab06c14/
2024-12-10 21:59:52,387 - INFO - 图片下载并保存成功!
2024-12-10 21:59:52,387 - INFO - 3c2eofytfmrz8bp
2024-12-10 21:59:52,413 - INFO - zd5mocrlpyclx07
2024-12-10 21:59:52,433 - INFO - 5vt0j4bhwbtq1h4
2024-12-10 21:59:52,605 - INFO - GPNS
2024-12-10 21:59:59,173 - INFO - Maintenance time. Try again later.
2024-12-10 21:59:59,811 - INFO - https://www.serv00.com/captcha/image/921fb121069281de3f5c228aaff300e40a803980/
2024-12-10 22:00:00,289 - INFO - 图片下载并保存成功!
2024-12-10 22:00:00,289 - INFO - r62ekc8z8blvpi7
2024-12-10 22:00:00,321 - INFO - dgetevtmpdk8s7d
2024-12-10 22:00:00,355 - INFO - evok8oqr8f9eok9
2024-12-10 22:00:00,520 - INFO - UFTR
2024-12-10 22:00:07,328 - INFO - Maintenance time. Try again later.
2024-12-10 22:00:07,747 - INFO - https://www.serv00.com/captcha/image/36c45644149d06111252a8c60e0f260c8a0f4c55/
2024-12-10 22:00:08,152 - INFO - 图片下载并保存成功!
2024-12-10 22:00:08,152 - INFO - 9po6anmxx7ox74q
2024-12-10 22:00:08,172 - INFO - tqman07mjz90wcr
2024-12-10 22:00:08,192 - INFO - r9z6t1npk2jrypu
2024-12-10 22:00:08,345 - INFO - PBPZ
2024-12-10 22:00:15,444 - INFO - Maintenance time. Try again later.
2024-12-10 22:00:15,800 - INFO - https://www.serv00.com/captcha/image/bd702263b0eff397335883b294e9430e84d1162d/
2024-12-10 22:00:16,180 - INFO - 图片下载并保存成功!
2024-12-10 22:00:16,181 - INFO - h5sxyfsoifcq177
2024-12-10 22:00:16,202 - INFO - ceeennsbvsqbkv3
2024-12-10 22:00:16,220 - INFO - um7mz2gujzpzsxi
2024-12-10 22:00:16,375 - INFO - AUZM
2024-12-10 22:00:23,041 - INFO - Maintenance time. Try again later.
2024-12-10 22:00:23,437 - INFO - https://www.serv00.com/captcha/image/42fcc8323c0e532b557e2077c65c7e82d5ee36d4/
2024-12-10 22:00:23,818 - INFO - 图片下载并保存成功!
2024-12-10 22:00:23,818 - INFO - 70vf97yt5wjraan
2024-12-10 22:00:23,842 - INFO - 6wfjwbvmr2li1rp
2024-12-10 22:00:23,864 - INFO - 4m7dvw69gilcuft
2024-12-10 22:00:24,007 - INFO - DBOK
2024-12-10 22:00:30,567 - INFO - Maintenance time. Try again later.
2024-12-10 22:00:31,008 - INFO - https://www.serv00.com/captcha/image/98c597ad40ff28f49b07fab1834be9ab21e3b895/
2024-12-10 22:00:31,389 - INFO - 图片下载并保存成功!
2024-12-10 22:00:31,389 - INFO - rma73j443m0cjoq
2024-12-10 22:00:31,408 - INFO - zvuyderbmfbhc4q
2024-12-10 22:00:31,423 - INFO - oatt08f16v31sjf
2024-12-10 22:00:31,531 - INFO - UDOZ
2024-12-10 22:00:34,030 - INFO - Maintenance time. Try again later.
2024-12-10 22:00:34,459 - INFO - https://www.serv00.com/captcha/image/bc8d46ee311dca32bc690cc9fc4a63a403576a3a/
2024-12-10 22:00:34,848 - INFO - 图片下载并保存成功!
2024-12-10 22:00:34,848 - INFO - 8ktxas0r1be8dxp
2024-12-10 22:00:34,869 - INFO - 30nzxu4x2l7hd4d
2024-12-10 22:00:34,887 - INFO - dbcb094x2posuq5
2024-12-10 22:00:35,001 - INFO - XGBO
2024-12-10 22:00:37,483 - INFO - Maintenance time. Try again later.
2024-12-10 22:00:37,916 - INFO - https://www.serv00.com/captcha/image/1e596b3c653ec9da4714d38e4ce8f0635a6eb7d9/
2024-12-10 22:00:38,299 - INFO - 图片下载并保存成功!
2024-12-10 22:00:38,299 - INFO - 8pxy9vq7wrbp4ha
2024-12-10 22:00:38,318 - INFO - zq5dfxjuga297iy
2024-12-10 22:00:38,335 - INFO - vrs6htqexofa0bw
2024-12-10 22:00:38,437 - INFO - LSJE
2024-12-10 22:00:39,822 - INFO - Invalid CAPTCHA
2024-12-10 22:00:40,221 - INFO - https://www.serv00.com/captcha/image/dba2990693a4a11bc8ec37acb2b5bffc9dbc4d7b/
2024-12-10 22:00:40,612 - INFO - 图片下载并保存成功!
2024-12-10 22:00:40,612 - INFO - rogc7yufo49hn0l
2024-12-10 22:00:40,633 - INFO - rf8z7nj41kqmyo4
2024-12-10 22:00:40,653 - INFO - 3vyhfpdncszwfo0
2024-12-10 22:00:40,767 - INFO - QYAG
2024-12-10 22:00:43,141 - INFO - Maintenance time. Try again later.
2024-12-10 22:00:43,496 - INFO - https://www.serv00.com/captcha/image/7cf082f1771f699f97c36bd3c68f321874cbef94/
2024-12-10 22:00:43,870 - INFO - 图片下载并保存成功!
2024-12-10 22:00:43,870 - INFO - 5oi2l9h1ymyyfz3
2024-12-10 22:00:43,888 - INFO - zf7fmj7yjrmrbjr
2024-12-10 22:00:43,906 - INFO - ooubwj8dzewfrdy
2024-12-10 22:00:44,018 - INFO - DPPL
2024-12-10 22:00:46,523 - INFO - Maintenance time. Try again later.
2024-12-10 22:00:46,881 - INFO - https://www.serv00.com/captcha/image/bda713c80eff9a2af43532b234f496402ccd8b4f/
2024-12-10 22:00:47,264 - INFO - 图片下载并保存成功!
2024-12-10 22:00:47,264 - INFO - 3j87tqil6zisvhp
2024-12-10 22:00:47,285 - INFO - kd508qqql646eqo
2024-12-10 22:00:47,302 - INFO - waqbkjpuvf9rzmk
2024-12-10 22:00:47,413 - INFO - ZTB
2024-12-10 22:00:48,463 - INFO - Invalid CAPTCHA
2024-12-10 22:00:48,809 - INFO - https://www.serv00.com/captcha/image/bcb381ad0845c6a07ff35abda7e94cda16086e93/
2024-12-10 22:00:49,180 - INFO - 图片下载并保存成功!
2024-12-10 22:00:49,180 - INFO - hekxvjxt94f14s0
2024-12-10 22:00:49,199 - INFO - f4jov5fq20wxim1
2024-12-10 22:00:49,215 - INFO - 77bsmarihhnasxg
2024-12-10 22:00:49,329 - INFO - MQCY
2024-12-10 22:00:50,352 - INFO - Invalid CAPTCHA
2024-12-10 22:00:50,733 - INFO - https://www.serv00.com/captcha/image/07e35ea500ceab76dbbc3665a4baf4990a9975e5/
2024-12-10 22:00:51,106 - INFO - 图片下载并保存成功!
2024-12-10 22:00:51,106 - INFO - 2lpvfzfzqsgkgte
2024-12-10 22:00:51,128 - INFO - c03jj8a3wl972ko
2024-12-10 22:00:51,147 - INFO - p41nrkvme3n5n5u
2024-12-10 22:00:51,258 - INFO - ZNQD
2024-12-10 22:00:53,590 - INFO - Maintenance time. Try again later.
2024-12-10 22:00:53,969 - INFO - https://www.serv00.com/captcha/image/7eb458f3109d4f1765385314c83dac36016daf4f/
2024-12-10 22:00:54,340 - INFO - 图片下载并保存成功!
2024-12-10 22:00:54,340 - INFO - t1bziz1ehyjeirq
2024-12-10 22:00:54,361 - INFO - ny6x2yvtwtk9fce
2024-12-10 22:00:54,382 - INFO - yxq7fdrk5jp4myf
2024-12-10 22:00:54,510 - INFO - SRPP
2024-12-10 22:00:57,054 - INFO - Maintenance time. Try again later.
2024-12-10 22:00:57,404 - INFO - https://www.serv00.com/captcha/image/e5177a8014db52b0a220643d34642c1e2fc352b7/
2024-12-10 22:00:57,782 - INFO - 图片下载并保存成功!
2024-12-10 22:00:57,783 - INFO - xsli3ccubavpa0c
2024-12-10 22:00:57,800 - INFO - tohr5fvd76ahabv
2024-12-10 22:00:57,816 - INFO - a4bnio0lzqy12bu
2024-12-10 22:00:57,937 - INFO - KQHQ
2024-12-10 22:00:59,168 - INFO - Invalid CAPTCHA
2024-12-10 22:00:59,564 - INFO - https://www.serv00.com/captcha/image/55b9fd236094c83c5cb4d1a29ff7a8fa15fbce8b/
2024-12-10 22:00:59,938 - INFO - 图片下载并保存成功!
2024-12-10 22:00:59,938 - INFO - 0ix1898hvmutsvc
2024-12-10 22:00:59,957 - INFO - yx552qqt5m6fxqm
2024-12-10 22:00:59,974 - INFO - mwyov2h0wnaghx7
2024-12-10 22:01:00,089 - INFO - AXC
2024-12-10 22:01:01,238 - INFO - Invalid CAPTCHA
2024-12-10 22:01:01,622 - INFO - https://www.serv00.com/captcha/image/02f2134e9ac88f99e20af60f0a1e273e7becf767/
2024-12-10 22:01:01,996 - INFO - 图片下载并保存成功!
2024-12-10 22:01:01,996 - INFO - 5mynzhridkz9npb
2024-12-10 22:01:02,020 - INFO - eff643pppfs1yfk
2024-12-10 22:01:02,037 - INFO - jq2i3vy093igc71
2024-12-10 22:01:02,155 - INFO - FCMP
2024-12-10 22:01:04,536 - INFO - Maintenance time. Try again later.
2024-12-10 22:01:05,063 - INFO - https://www.serv00.com/captcha/image/146d38169782f7e41ee68cbc8ee3cdd93a4ab40d/
2024-12-10 22:01:05,439 - INFO - 图片下载并保存成功!
2024-12-10 22:01:05,439 - INFO - y2mpci9n2gr8o2t
2024-12-10 22:01:05,460 - INFO - e6qixvldmggxwbh
2024-12-10 22:01:05,482 - INFO - 1dshqg36tj7aig1
2024-12-10 22:01:05,599 - INFO - MRNO
2024-12-10 22:01:06,767 - INFO - Invalid CAPTCHA
2024-12-10 22:01:07,158 - INFO - https://www.serv00.com/captcha/image/003839a22e44efa503f6479faba8ebd98fa17cfd/
2024-12-10 22:01:07,550 - INFO - 图片下载并保存成功!
2024-12-10 22:01:07,550 - INFO - 2bdzt64ctia28f5
2024-12-10 22:01:07,568 - INFO - cbq2g2lnk3qdni4
2024-12-10 22:01:07,587 - INFO - 6oujf3qbcnqqak7
2024-12-10 22:01:07,700 - INFO - YWM
2024-12-10 22:01:09,010 - INFO - Invalid CAPTCHA
2024-12-10 22:01:09,371 - INFO - https://www.serv00.com/captcha/image/e809c2ae4ba90e30654b776bc698e13ad31620e8/
2024-12-10 22:01:09,745 - INFO - 图片下载并保存成功!
2024-12-10 22:01:09,745 - INFO - j48x5bcl4nqxkfi
2024-12-10 22:01:09,766 - INFO - zarsokawmocxu7b
2024-12-10 22:01:09,785 - INFO - p1v81ytvyvluafw
2024-12-10 22:01:09,899 - INFO - DELC
2024-12-10 22:01:12,358 - INFO - Maintenance time. Try again later.
2024-12-10 22:01:12,849 - INFO - https://www.serv00.com/captcha/image/3c1d7d2da9d74ebbc47dee2969c59e7f233027b1/
2024-12-10 22:01:13,228 - INFO - 图片下载并保存成功!
2024-12-10 22:01:13,228 - INFO - booixy5frnvfdbx
2024-12-10 22:01:13,251 - INFO - mmezrgaevecq6ll
2024-12-10 22:01:13,269 - INFO - b52aaim9edzjtsr
2024-12-10 22:01:13,405 - INFO - BGPD
2024-12-10 22:01:15,706 - INFO - Maintenance time. Try again later.
2024-12-10 22:01:16,063 - INFO - https://www.serv00.com/captcha/image/1ddaa5e335925236e6367af9de2536baebe2f69d/
2024-12-10 22:01:16,442 - INFO - 图片下载并保存成功!
2024-12-10 22:01:16,442 - INFO - a7m7e07ox0zccs7
2024-12-10 22:01:16,465 - INFO - e2zv2w3rgxe0uwv
2024-12-10 22:01:16,488 - INFO - 2494uz992b4tyc2
2024-12-10 22:01:16,612 - INFO - GUYD
2024-12-10 22:01:19,049 - INFO - Maintenance time. Try again later.
2024-12-10 22:01:19,570 - INFO - https://www.serv00.com/captcha/image/2200ff8e54fbc3f948fa37a6c43a85e2faa2cd86/
2024-12-10 22:01:19,966 - INFO - 图片下载并保存成功!
2024-12-10 22:01:19,966 - INFO - er6r8ru1x29hdlm
2024-12-10 22:01:19,985 - INFO - n5mwuyqgf7nxltt
2024-12-10 22:01:20,002 - INFO - 2au28vu4k7sol6w
2024-12-10 22:01:20,120 - INFO - MZHS
2024-12-10 22:01:22,567 - INFO - Maintenance time. Try again later.
2024-12-10 22:01:22,918 - INFO - https://www.serv00.com/captcha/image/46c2a3477aa3c80ee38da3aa1ef76a1ada013a51/
2024-12-10 22:01:23,294 - INFO - 图片下载并保存成功!
2024-12-10 22:01:23,294 - INFO - v3lg6rl56ttr7ip
2024-12-10 22:01:23,312 - INFO - 09br2w27fkb65zx
2024-12-10 22:01:23,329 - INFO - 4pjebhzop9tvlgm
2024-12-10 22:01:23,434 - INFO - GQPM
2024-12-10 22:01:25,985 - INFO - Maintenance time. Try again later.
2024-12-10 22:01:26,370 - INFO - https://www.serv00.com/captcha/image/f68fea68c4b96ad49bfc28fbd3f2b31a066036db/
2024-12-10 22:01:26,744 - INFO - 图片下载并保存成功!
2024-12-10 22:01:26,745 - INFO - 4skr0e114gcuclv
2024-12-10 22:01:26,767 - INFO - 8tr08jag9j5ozm5
2024-12-10 22:01:26,784 - INFO - t82906kv8dvea0m
2024-12-10 22:01:26,907 - INFO - UXLO
2024-12-10 22:01:29,289 - INFO - Maintenance time. Try again later.
2024-12-10 22:01:29,736 - INFO - https://www.serv00.com/captcha/image/b4562733c3b22367403f528f182d6bb13d69ee22/
2024-12-10 22:01:30,113 - INFO - 图片下载并保存成功!
2024-12-10 22:01:30,113 - INFO - p8sunl67ci9383m
2024-12-10 22:01:30,133 - INFO - yzjlk0nw2u60zoo
2024-12-10 22:01:30,151 - INFO - 46qdzqveqrj82fm
2024-12-10 22:01:30,271 - INFO - AAJM
2024-12-10 22:01:32,877 - INFO - Maintenance time. Try again later.
2024-12-10 22:01:33,241 - INFO - https://www.serv00.com/captcha/image/eb7ecbf9784fc33f4da07cc68cb4a05a8c05d45c/
2024-12-10 22:01:33,615 - INFO - 图片下载并保存成功!
2024-12-10 22:01:33,615 - INFO - l0sahgw20q5ilbs
2024-12-10 22:01:33,633 - INFO - qlc7gm6gquj6csc
2024-12-10 22:01:33,649 - INFO - lzon4yb0lqbbhvq
2024-12-10 22:01:33,757 - INFO - UQMM
2024-12-10 22:01:36,283 - INFO - Maintenance time. Try again later.
2024-12-10 22:01:36,674 - INFO - https://www.serv00.com/captcha/image/5757a3c8514bd6e99391d67f13072fa89ab02c7a/
2024-12-10 22:01:37,047 - INFO - 图片下载并保存成功!
2024-12-10 22:01:37,048 - INFO - xucigbysjzis5hk
2024-12-10 22:01:37,068 - INFO - al4gdg2r971y7n2
2024-12-10 22:01:37,084 - INFO - 8lxu9hl49n4i00h
2024-12-10 22:01:37,200 - INFO - GQME
2024-12-10 22:01:39,546 - INFO - Maintenance time. Try again later.
2024-12-10 22:01:39,925 - INFO - https://www.serv00.com/captcha/image/e2c32a6f0cca53478f90e08ea77993f7a21824a2/
2024-12-10 22:01:40,305 - INFO - 图片下载并保存成功!
2024-12-10 22:01:40,305 - INFO - swr56i6u9njigmz
2024-12-10 22:01:40,323 - INFO - ce32tu4ytp8s8n0
2024-12-10 22:01:40,341 - INFO - 3zu8ffrn2xysfjd
2024-12-10 22:01:40,457 - INFO - MSZ
2024-12-10 22:01:41,707 - INFO - Invalid CAPTCHA
2024-12-10 22:01:42,294 - INFO - https://www.serv00.com/captcha/image/9d104cfb579bffc027f20af16d84d58c3d91540f/
2024-12-10 22:01:42,669 - INFO - 图片下载并保存成功!
2024-12-10 22:01:42,669 - INFO - c1llrbsjd2j7u8d
2024-12-10 22:01:42,688 - INFO - 19biqh8ej4hv8o7
2024-12-10 22:01:42,706 - INFO - cpba1ybwfthlh41
2024-12-10 22:01:42,816 - INFO - KYMG
2024-12-10 22:01:45,368 - INFO - Maintenance time. Try again later.
2024-12-10 22:01:45,712 - INFO - https://www.serv00.com/captcha/image/a9a0a12b1cb764fd8184be43f252b4ea2e5a450e/
2024-12-10 22:01:46,085 - INFO - 图片下载并保存成功!
2024-12-10 22:01:46,085 - INFO - gazj5tqq2z7tm6k
2024-12-10 22:01:46,103 - INFO - x3icr9zprfkrcx8
2024-12-10 22:01:46,118 - INFO - dwy4abl6hpn79kw
2024-12-10 22:01:46,225 - INFO - IBNC
2024-12-10 22:01:48,819 - INFO - Maintenance time. Try again later.
2024-12-10 22:01:49,221 - INFO - https://www.serv00.com/captcha/image/e37752908c8bb371c5950e5072d608325d311bde/
2024-12-10 22:01:49,604 - INFO - 图片下载并保存成功!
2024-12-10 22:01:49,604 - INFO - oyuvddfbhph68cm
2024-12-10 22:01:49,622 - INFO - sb6387iqwcsh287
2024-12-10 22:01:49,638 - INFO - i1j9ld4qfisz6xa
2024-12-10 22:01:49,769 - INFO - UKJW
2024-12-10 22:01:56,398 - INFO - Maintenance time. Try again later.
2024-12-10 22:01:56,816 - INFO - https://www.serv00.com/captcha/image/73e66f8db4faf17a3de1a56080774afac22ff3b7/
2024-12-10 22:01:57,187 - INFO - 图片下载并保存成功!
2024-12-10 22:01:57,187 - INFO - fv1ux2n2zyfrio7
2024-12-10 22:01:57,205 - INFO - qoxva7iac5oyrqp
2024-12-10 22:01:57,221 - INFO - 8vlvzvviwvzaw7s
2024-12-10 22:01:57,326 - INFO - ULV
2024-12-10 22:01:58,601 - INFO - Invalid CAPTCHA
2024-12-10 22:01:58,987 - INFO - https://www.serv00.com/captcha/image/b50aa18704c3466c0db1d678a22dd520c844003f/
2024-12-10 22:01:59,359 - INFO - 图片下载并保存成功!
2024-12-10 22:01:59,359 - INFO - yy3zn23gja33wts
2024-12-10 22:01:59,380 - INFO - yo09daa1ndjm9m2
2024-12-10 22:01:59,396 - INFO - zx6rqk5aoyvt4se
2024-12-10 22:01:59,547 - INFO - GCVB
2024-12-10 22:02:06,202 - INFO - Maintenance time. Try again later.
2024-12-10 22:02:06,584 - INFO - https://www.serv00.com/captcha/image/1053bcb07104cfc94b38af14611458113988e7fb/
2024-12-10 22:02:06,967 - INFO - 图片下载并保存成功!
2024-12-10 22:02:06,967 - INFO - 171l4eet52zos03
2024-12-10 22:02:06,987 - INFO - eccia4evzu67iaq
2024-12-10 22:02:07,003 - INFO - kds7iv52cxijjpc
2024-12-10 22:02:07,146 - INFO - WXA
2024-12-10 22:02:08,388 - INFO - Invalid CAPTCHA
2024-12-10 22:02:08,734 - INFO - https://www.serv00.com/captcha/image/ef2822e43001dc829280eb7775571142eed72312/
2024-12-10 22:02:09,136 - INFO - 图片下载并保存成功!
2024-12-10 22:02:09,136 - INFO - 8bqccd99htr5rxx
2024-12-10 22:02:09,155 - INFO - 4na7yooegpcuiqb
2024-12-10 22:02:09,171 - INFO - a6psehi8o79gdvm
2024-12-10 22:02:09,287 - INFO - LZAP
2024-12-10 22:02:15,753 - INFO - Maintenance time. Try again later.
2024-12-10 22:02:16,110 - INFO - https://www.serv00.com/captcha/image/db1fdb775ba389193e82dedba4661af8485547ac/
2024-12-10 22:02:16,492 - INFO - 图片下载并保存成功!
2024-12-10 22:02:16,492 - INFO - m450q0zdgofzzte
2024-12-10 22:02:16,512 - INFO - hny7u6cjnuasape
2024-12-10 22:02:16,531 - INFO - cv12ny4cxx69cox
2024-12-10 22:02:16,646 - INFO - NGQT
2024-12-10 22:02:23,245 - INFO - Maintenance time. Try again later.
2024-12-10 22:02:23,652 - INFO - https://www.serv00.com/captcha/image/70e796ff3430642e5e197cb04fc2983ae437c07a/
2024-12-10 22:02:24,023 - INFO - 图片下载并保存成功!
2024-12-10 22:02:24,023 - INFO - bpmwxsztih0p9sq
2024-12-10 22:02:24,048 - INFO - cgjf5v5cpiftje2
2024-12-10 22:02:24,069 - INFO - o6lbrmtm6b9w0nj
2024-12-10 22:02:24,214 - INFO - LECL
2024-12-10 22:02:25,579 - INFO - Invalid CAPTCHA
2024-12-10 22:02:25,931 - INFO - https://www.serv00.com/captcha/image/4c4aca3251dbae5076ba20e46ff5ea20940696ee/
2024-12-10 22:02:26,306 - INFO - 图片下载并保存成功!
2024-12-10 22:02:26,307 - INFO - jlnlglo96ye2md6
2024-12-10 22:02:26,324 - INFO - xnyhm4rnpjq9s8b
2024-12-10 22:02:26,340 - INFO - 692r51hn1god7fb
2024-12-10 22:02:26,448 - INFO - BZNG
2024-12-10 22:02:27,384 - INFO - Invalid CAPTCHA
2024-12-10 22:02:27,769 - INFO - https://www.serv00.com/captcha/image/15cbf2ef209ea36f8434e5e05ea3016f867c523c/
2024-12-10 22:02:28,141 - INFO - 图片下载并保存成功!
2024-12-10 22:02:28,141 - INFO - zr1zxtez7mjqcvv
2024-12-10 22:02:28,160 - INFO - 9x7m3ct5mym8dv4
2024-12-10 22:02:28,180 - INFO - pmjowseopyxxovf
2024-12-10 22:02:28,317 - INFO - AUQB
2024-12-10 22:02:34,886 - INFO - Maintenance time. Try again later.
2024-12-10 22:02:35,255 - INFO - https://www.serv00.com/captcha/image/ef5307289b316ca19d7fd859106268ecafe85b65/
2024-12-10 22:02:35,638 - INFO - 图片下载并保存成功!
2024-12-10 22:02:35,638 - INFO - o21q96qgd2b6zxj
2024-12-10 22:02:35,658 - INFO - t1xhu5wtu15mtw1
2024-12-10 22:02:35,675 - INFO - 8ksjl08ron8h7yu
2024-12-10 22:02:35,781 - INFO - DDM
2024-12-10 22:02:36,837 - INFO - Invalid CAPTCHA
2024-12-10 22:02:37,187 - INFO - https://www.serv00.com/captcha/image/6adaaf0c4bcdb7153a0e8c5eaaa88a73d6addc84/
2024-12-10 22:02:37,558 - INFO - 图片下载并保存成功!
2024-12-10 22:02:37,558 - INFO - eix4rf17srfgi0x
2024-12-10 22:02:37,576 - INFO - wmlcy3tcvhib38f
2024-12-10 22:02:37,592 - INFO - gtqngo0k6x4b0nh
2024-12-10 22:02:37,699 - INFO - KZE
2024-12-10 22:02:39,121 - INFO - Invalid CAPTCHA
2024-12-10 22:02:39,521 - INFO - https://www.serv00.com/captcha/image/61eb61a7325fb82d05f492f1f08958b860b0e4d5/
2024-12-10 22:02:39,892 - INFO - 图片下载并保存成功!
2024-12-10 22:02:39,892 - INFO - w8d2q6cyoytem6r
2024-12-10 22:02:39,912 - INFO - dusaaabahk4muib
2024-12-10 22:02:39,929 - INFO - p8qskgzb58gewt7
2024-12-10 22:02:40,034 - INFO - EUO
2024-12-10 22:02:41,236 - INFO - Invalid CAPTCHA
2024-12-10 22:02:41,627 - INFO - https://www.serv00.com/captcha/image/38fbf8da2cdf77fd913e7ea11762ac136a9edf46/
2024-12-10 22:02:42,013 - INFO - 图片下载并保存成功!
2024-12-10 22:02:42,014 - INFO - w7dkmd16wms3j0i
2024-12-10 22:02:42,031 - INFO - irg183ox4haas45
2024-12-10 22:02:42,048 - INFO - wlxee6dztzyr8by
2024-12-10 22:02:42,169 - INFO - CVB
2024-12-10 22:02:43,489 - INFO - Invalid CAPTCHA
2024-12-10 22:02:43,873 - INFO - https://www.serv00.com/captcha/image/fa6763ba900cb85447875dd7c2fbf3aee5d98766/
2024-12-10 22:02:44,266 - INFO - 图片下载并保存成功!
2024-12-10 22:02:44,266 - INFO - ebxlkq7shohy1hg
2024-12-10 22:02:44,285 - INFO - 0nit4i6a4u22px1
2024-12-10 22:02:44,303 - INFO - eweape235qq4bpd
2024-12-10 22:02:44,430 - INFO - CRV
2024-12-10 22:02:45,569 - INFO - Invalid CAPTCHA
2024-12-10 22:02:45,959 - INFO - https://www.serv00.com/captcha/image/3733e84465de84349441c4e1e04afd9661a8b835/
2024-12-10 22:02:46,334 - INFO - 图片下载并保存成功!
2024-12-10 22:02:46,334 - INFO - 8mpqh1j47m93td5
2024-12-10 22:02:46,353 - INFO - w2b44utyo8sjz3c
2024-12-10 22:02:46,370 - INFO - 3s10f21iypjjr4i
2024-12-10 22:02:46,499 - INFO - KGZA
2024-12-10 22:02:53,177 - INFO - Maintenance time. Try again later.
2024-12-10 22:02:53,562 - INFO - https://www.serv00.com/captcha/image/49557806190e1887c19826ccdcda2158956d9965/
2024-12-10 22:02:53,946 - INFO - 图片下载并保存成功!
2024-12-10 22:02:53,946 - INFO - 90fr6u8fddpttp6
2024-12-10 22:02:53,965 - INFO - 5i0cbtliufzkdeb
2024-12-10 22:02:53,980 - INFO - pp39jgeoizjft39
2024-12-10 22:02:54,112 - INFO - SBCD
2024-12-10 22:03:00,640 - INFO - Maintenance time. Try again later.
2024-12-10 22:03:01,215 - INFO - https://www.serv00.com/captcha/image/aa9098ab54614ecefa2d1fe1ffa12deda24a0804/
2024-12-10 22:03:01,634 - INFO - 图片下载并保存成功!
2024-12-10 22:03:01,634 - INFO - ftdohd7yq36z9nw
2024-12-10 22:03:01,652 - INFO - qudx4ykan90adft
2024-12-10 22:03:01,667 - INFO - tijgkp3aifoighm
2024-12-10 22:03:01,801 - INFO - GBQB
2024-12-10 22:03:03,157 - INFO - Invalid CAPTCHA
2024-12-10 22:03:03,556 - INFO - https://www.serv00.com/captcha/image/af8f02526f71f5c966f583cdca20d4009e4b383e/
2024-12-10 22:03:03,929 - INFO - 图片下载并保存成功!
2024-12-10 22:03:03,929 - INFO - bxe89f00u8a38da
2024-12-10 22:03:03,948 - INFO - 1i25b614vgxz21c
2024-12-10 22:03:03,965 - INFO - av5uks90e94k759
2024-12-10 22:03:04,096 - INFO - OKBU
2024-12-10 22:03:06,789 - INFO - Maintenance time. Try again later.
2024-12-10 22:03:07,150 - INFO - https://www.serv00.com/captcha/image/386676c71a23dcf198410f472b426c2af9c8ff56/
2024-12-10 22:03:07,519 - INFO - 图片下载并保存成功!
2024-12-10 22:03:07,519 - INFO - zo5luhddob4p7qr
2024-12-10 22:03:07,538 - INFO - cthfgnkmbwxuppy
2024-12-10 22:03:07,554 - INFO - pumcg6mz393xrr6
2024-12-10 22:03:07,693 - INFO - FNUX
2024-12-10 22:03:08,799 - INFO - Invalid CAPTCHA
2024-12-10 22:03:09,164 - INFO - https://www.serv00.com/captcha/image/865e9cc86e1b990db4bce071c70f0ceedd6de7a1/
2024-12-10 22:03:09,599 - INFO - 图片下载并保存成功!
2024-12-10 22:03:09,599 - INFO - 5vzybpe85desye5
2024-12-10 22:03:09,624 - INFO - 3g06dfv8jyt1zoj
2024-12-10 22:03:09,646 - INFO - tfev06bup7naw2m
2024-12-10 22:03:09,769 - INFO - WLUH
2024-12-10 22:03:12,446 - INFO - Maintenance time. Try again later.
2024-12-10 22:03:12,818 - INFO - https://www.serv00.com/captcha/image/2516b7e9f54f6d1c5b11010d7833257fcbda05c5/
2024-12-10 22:03:13,191 - INFO - 图片下载并保存成功!
2024-12-10 22:03:13,191 - INFO - 7t34akyhz8h8cb0
2024-12-10 22:03:13,210 - INFO - 3q7290k761adpmu
2024-12-10 22:03:13,225 - INFO - soys2yk0sbbsavd
2024-12-10 22:03:13,341 - INFO - KMNG
2024-12-10 22:03:15,660 - INFO - Maintenance time. Try again later.
2024-12-10 22:03:16,039 - INFO - https://www.serv00.com/captcha/image/d8ad6195217ba3e7de3506ad9e96f4e5e036717f/
2024-12-10 22:03:16,418 - INFO - 图片下载并保存成功!
2024-12-10 22:03:16,419 - INFO - 0q916q6hrm7v1zl
2024-12-10 22:03:16,438 - INFO - 62cjp4ss3wg71mo
2024-12-10 22:03:16,455 - INFO - 1l3xb1r76jyfba2
2024-12-10 22:03:16,600 - INFO - GOT
2024-12-10 22:03:17,778 - INFO - Invalid CAPTCHA
2024-12-10 22:03:18,156 - INFO - https://www.serv00.com/captcha/image/eb5f36baa80051d4dec85cc38a2806c409bfe241/
2024-12-10 22:03:18,534 - INFO - 图片下载并保存成功!
2024-12-10 22:03:18,534 - INFO - mgbt9kd52orfx9o
2024-12-10 22:03:18,554 - INFO - si3erl8h4pra3i2
2024-12-10 22:03:18,571 - INFO - 6b9qd091zi47kuf
2024-12-10 22:03:18,720 - INFO - NFEC
2024-12-10 22:03:21,045 - INFO - Maintenance time. Try again later.
2024-12-10 22:03:21,426 - INFO - https://www.serv00.com/captcha/image/ab8b8ffad9f864e760615420c7a8ab51a995c285/
2024-12-10 22:03:21,797 - INFO - 图片下载并保存成功!
2024-12-10 22:03:21,797 - INFO - w3ddkd39jr9jr17
2024-12-10 22:03:21,817 - INFO - h8gvnoez26j05lx
2024-12-10 22:03:21,834 - INFO - tncn0487xm2n8uj
2024-12-10 22:03:21,949 - INFO - PKW
2024-12-10 22:03:23,107 - INFO - Invalid CAPTCHA
2024-12-10 22:03:23,476 - INFO - https://www.serv00.com/captcha/image/6306bd0568149c3b35cf4a802eea741a822de9fc/
2024-12-10 22:03:23,852 - INFO - 图片下载并保存成功!
2024-12-10 22:03:23,852 - INFO - 7gegf0867t3cip7
2024-12-10 22:03:23,872 - INFO - s0nrz8w70zbqcxi
2024-12-10 22:03:23,890 - INFO - 0oc6c8cexr0l0mz
2024-12-10 22:03:24,008 - INFO - MGVD
2024-12-10 22:03:26,470 - INFO - Maintenance time. Try again later.
2024-12-10 22:03:26,878 - INFO - https://www.serv00.com/captcha/image/fd7ecdc35e0d4d78f03481aed5d7651bb3fd1013/
2024-12-10 22:03:27,257 - INFO - 图片下载并保存成功!
2024-12-10 22:03:27,257 - INFO - az7ksvskfwpgyi5
2024-12-10 22:03:27,276 - INFO - ikn2ql6awttno7b
2024-12-10 22:03:27,293 - INFO - niiy3bi9kgwsc2k
2024-12-10 22:03:27,425 - INFO - XAQS
2024-12-10 22:03:29,957 - INFO - Maintenance time. Try again later.
2024-12-10 22:03:30,348 - INFO - https://www.serv00.com/captcha/image/bb6350bcf1ea3fe7ad377386cb27ef38923c4be5/
2024-12-10 22:03:30,746 - INFO - 图片下载并保存成功!
2024-12-10 22:03:30,746 - INFO - 2zoc89mcp6b4f2z
2024-12-10 22:03:30,764 - INFO - 3p7ylvi1il37spg
2024-12-10 22:03:30,780 - INFO - lvjhbsf9cdlodi8
2024-12-10 22:03:30,918 - INFO - JZUB
2024-12-10 22:03:33,542 - INFO - Maintenance time. Try again later.
2024-12-10 22:03:33,895 - INFO - https://www.serv00.com/captcha/image/790fc4583fe6b1b0ff5accc8e511edb854822d10/
2024-12-10 22:03:34,270 - INFO - 图片下载并保存成功!
2024-12-10 22:03:34,270 - INFO - gj8ugsfu5pgwnlu
2024-12-10 22:03:34,289 - INFO - zdj1c1bt55x29px
2024-12-10 22:03:34,305 - INFO - tuzwtpqwt501jev
2024-12-10 22:03:34,424 - INFO - LLVV
2024-12-10 22:03:36,891 - INFO - Maintenance time. Try again later.
2024-12-10 22:03:37,316 - INFO - https://www.serv00.com/captcha/image/9b73617d30f0db26073c91b18ed59f24297f6630/
2024-12-10 22:03:37,691 - INFO - 图片下载并保存成功!
2024-12-10 22:03:37,692 - INFO - lvglxhqacf7xl84
2024-12-10 22:03:37,710 - INFO - kujmhb3k3yn44mw
2024-12-10 22:03:37,728 - INFO - p3cxq1zz2f5or17
2024-12-10 22:03:37,859 - INFO - YWMX
2024-12-10 22:03:40,404 - INFO - Maintenance time. Try again later.
2024-12-10 22:03:40,770 - INFO - https://www.serv00.com/captcha/image/6adc85e39f14da60aae8718ab1c36714e5edbd21/
2024-12-10 22:03:41,145 - INFO - 图片下载并保存成功!
2024-12-10 22:03:41,145 - INFO - xqwtrm4u8u2jskn
2024-12-10 22:03:41,164 - INFO - esd6qadlocnlo6d
2024-12-10 22:03:41,179 - INFO - 19sjtvonn66n1wj
2024-12-10 22:03:41,302 - INFO - XBZE
2024-12-10 22:03:43,841 - INFO - Maintenance time. Try again later.
2024-12-10 22:03:44,220 - INFO - https://www.serv00.com/captcha/image/f582a79a030d921ff97d700e70a7bc10f50b5884/
2024-12-10 22:03:44,599 - INFO - 图片下载并保存成功!
2024-12-10 22:03:44,599 - INFO - pj5g8e9s9dwodbu
2024-12-10 22:03:44,620 - INFO - izni72fltaenx5f
2024-12-10 22:03:44,636 - INFO - nvtalekwq0rm1wa
2024-12-10 22:03:44,740 - INFO - YHF
2024-12-10 22:03:45,982 - INFO - Invalid CAPTCHA
